#! /c/Source/iverilog-install/bin/vvp
:ivl_version "12.0 (devel)" "(s20150603-1539-g2693dd32b)";
:ivl_delay_selection "TYPICAL";
:vpi_time_precision + 0;
:vpi_module "E:\iverilog\lib\ivl\system.vpi";
:vpi_module "E:\iverilog\lib\ivl\vhdl_sys.vpi";
:vpi_module "E:\iverilog\lib\ivl\vhdl_textio.vpi";
:vpi_module "E:\iverilog\lib\ivl\v2005_math.vpi";
:vpi_module "E:\iverilog\lib\ivl\va_math.vpi";
S_0000022bebe6b1a0 .scope module, "controller_tb" "controller_tb" 2 101;
 .timescale 0 0;
v0000022bebd7ea80_0 .var "clk", 0 0;
v0000022bebd7eb20_0 .net "door_status", 0 0, v0000022bebd1aa60_0;  1 drivers
v0000022bebd7ebc0_0 .var "floor_req", 2 0;
v0000022bebd7ec60_0 .var "rst", 0 0;
v0000022bebd7ed50_0 .var "stop", 0 0;
S_0000022bebd1a8d0 .scope module, "dut" "controller" 2 108, 2 2 0, S_0000022bebe6b1a0;
 .timescale 0 0;
    .port_info 0 /INPUT 3 "floor_req";
    .port_info 1 /INPUT 1 "stop";
    .port_info 2 /INPUT 1 "clk";
    .port_info 3 /INPUT 1 "rst";
    .port_info 4 /OUTPUT 1 "door_status";
P_0000022bebe6b330 .param/l "IDLE" 0 2 13, C4<00>;
P_0000022bebe6b368 .param/l "MAX" 0 2 11, +C4<00000000000000000000000000000100>;
P_0000022bebe6b3a0 .param/l "go_down" 0 2 13, C4<10>;
P_0000022bebe6b3d8 .param/l "go_up" 0 2 13, C4<01>;
v0000022bebd18010_0 .net "clk", 0 0, v0000022bebd7ea80_0;  1 drivers
v0000022bebd180b0_0 .var "current_state", 1 0;
v0000022bebd1aa60_0 .var "door_status", 0 0;
v0000022bebd1ab00_0 .var "floor_count", 2 0;
v0000022bebcf2ca0_0 .net "floor_req", 2 0, v0000022bebd7ebc0_0;  1 drivers
v0000022bebcf2d40_0 .var "next_state", 1 0;
v0000022bebcf2de0_0 .net "rst", 0 0, v0000022bebd7ec60_0;  1 drivers
v0000022bebcf2e80_0 .net "stop", 0 0, v0000022bebd7ed50_0;  1 drivers
E_0000022bebe6a860 .event posedge, v0000022bebcf2de0_0, v0000022bebd18010_0;
E_0000022bebe6a4a0 .event anyedge, v0000022bebd180b0_0, v0000022bebd1ab00_0, v0000022bebcf2ca0_0, v0000022bebcf2e80_0;
S_0000022bebcf2f20 .scope task, "floor_input" "floor_input" 2 113, 2 113 0, S_0000022bebe6b1a0;
 .timescale 0 0;
v0000022bebd7e850_0 .var "f", 2 0;
E_0000022bebe6a5a0 .event posedge, v0000022bebd18010_0;
TD_controller_tb.floor_input ;
    %load/vec4 v0000022bebd7e850_0;
    %store/vec4 v0000022bebd7ebc0_0, 0, 3;
    %wait E_0000022bebe6a5a0;
    %end;
S_0000022bebd7e8f0 .scope task, "stop_input" "stop_input" 2 122, 2 122 0, S_0000022bebe6b1a0;
 .timescale 0 0;
TD_controller_tb.stop_input ;
    %pushi/vec4 1, 0, 1;
    %store/vec4 v0000022bebd7ed50_0, 0, 1;
    %wait E_0000022bebe6a5a0;
    %pushi/vec4 0, 0, 1;
    %store/vec4 v0000022bebd7ed50_0, 0, 1;
    %wait E_0000022bebe6a5a0;
    %end;
    .scope S_0000022bebd1a8d0;
T_2 ;
    %wait E_0000022bebe6a860;
    %load/vec4 v0000022bebcf2de0_0;
    %flag_set/vec4 8;
    %jmp/0xz  T_2.0, 8;
    %pushi/vec4 0, 0, 2;
    %assign/vec4 v0000022bebd180b0_0, 0;
    %jmp T_2.1;
T_2.0 ;
    %load/vec4 v0000022bebcf2d40_0;
    %assign/vec4 v0000022bebd180b0_0, 0;
T_2.1 ;
    %jmp T_2;
    .thread T_2;
    .scope S_0000022bebd1a8d0;
T_3 ;
    %wait E_0000022bebe6a4a0;
    %load/vec4 v0000022bebd180b0_0;
    %store/vec4 v0000022bebcf2d40_0, 0, 2;
    %load/vec4 v0000022bebd180b0_0;
    %dup/vec4;
    %pushi/vec4 0, 0, 2;
    %cmp/u;
    %jmp/1 T_3.0, 6;
    %dup/vec4;
    %pushi/vec4 1, 0, 2;
    %cmp/u;
    %jmp/1 T_3.1, 6;
    %dup/vec4;
    %pushi/vec4 2, 0, 2;
    %cmp/u;
    %jmp/1 T_3.2, 6;
    %jmp T_3.3;
T_3.0 ;
    %load/vec4 v0000022bebd1ab00_0;
    %load/vec4 v0000022bebcf2ca0_0;
    %cmp/u;
    %jmp/0xz  T_3.4, 5;
    %pushi/vec4 1, 0, 2;
    %store/vec4 v0000022bebcf2d40_0, 0, 2;
    %jmp T_3.5;
T_3.4 ;
    %load/vec4 v0000022bebcf2ca0_0;
    %load/vec4 v0000022bebd1ab00_0;
    %cmp/u;
    %jmp/0xz  T_3.6, 5;
    %pushi/vec4 2, 0, 2;
    %store/vec4 v0000022bebcf2d40_0, 0, 2;
T_3.6 ;
T_3.5 ;
    %jmp T_3.3;
T_3.1 ;
    %load/vec4 v0000022bebcf2e80_0;
    %flag_set/vec4 8;
    %jmp/1 T_3.10, 8;
    %load/vec4 v0000022bebcf2ca0_0;
    %load/vec4 v0000022bebd1ab00_0;
    %cmp/u;
    %flag_or 5, 4;
    %flag_or 8, 5;
T_3.10;
    %jmp/0xz  T_3.8, 8;
    %pushi/vec4 0, 0, 2;
    %store/vec4 v0000022bebcf2d40_0, 0, 2;
T_3.8 ;
    %jmp T_3.3;
T_3.2 ;
    %load/vec4 v0000022bebcf2e80_0;
    %flag_set/vec4 8;
    %jmp/1 T_3.13, 8;
    %load/vec4 v0000022bebd1ab00_0;
    %load/vec4 v0000022bebcf2ca0_0;
    %cmp/u;
    %flag_or 5, 4;
    %flag_or 8, 5;
T_3.13;
    %jmp/0xz  T_3.11, 8;
    %pushi/vec4 0, 0, 2;
    %store/vec4 v0000022bebcf2d40_0, 0, 2;
T_3.11 ;
    %jmp T_3.3;
T_3.3 ;
    %pop/vec4 1;
    %jmp T_3;
    .thread T_3, $push;
    .scope S_0000022bebd1a8d0;
T_4 ;
    %wait E_0000022bebe6a860;
    %load/vec4 v0000022bebcf2de0_0;
    %flag_set/vec4 8;
    %jmp/0xz  T_4.0, 8;
    %pushi/vec4 0, 0, 3;
    %assign/vec4 v0000022bebd1ab00_0, 0;
    %jmp T_4.1;
T_4.0 ;
    %load/vec4 v0000022bebd180b0_0;
    %cmpi/e 1, 0, 2;
    %jmp/0xz  T_4.2, 4;
    %load/vec4 v0000022bebd1ab00_0;
    %load/vec4 v0000022bebcf2ca0_0;
    %cmp/u;
    %flag_get/vec4 5;
    %jmp/0 T_4.6, 5;
    %load/vec4 v0000022bebd1ab00_0;
    %pad/u 32;
    %cmpi/u 3, 0, 32;
    %flag_get/vec4 5;
    %and;
T_4.6;
    %flag_set/vec4 8;
    %jmp/0xz  T_4.4, 8;
    %load/vec4 v0000022bebd1ab00_0;
    %addi 1, 0, 3;
    %assign/vec4 v0000022bebd1ab00_0, 0;
T_4.4 ;
    %jmp T_4.3;
T_4.2 ;
    %load/vec4 v0000022bebd180b0_0;
    %cmpi/e 2, 0, 2;
    %jmp/0xz  T_4.7, 4;
    %load/vec4 v0000022bebcf2ca0_0;
    %load/vec4 v0000022bebd1ab00_0;
    %cmp/u;
    %flag_get/vec4 5;
    %jmp/0 T_4.11, 5;
    %pushi/vec4 0, 0, 32;
    %load/vec4 v0000022bebd1ab00_0;
    %pad/u 32;
    %cmp/u;
    %flag_get/vec4 5;
    %and;
T_4.11;
    %flag_set/vec4 8;
    %jmp/0xz  T_4.9, 8;
    %load/vec4 v0000022bebd1ab00_0;
    %subi 1, 0, 3;
    %assign/vec4 v0000022bebd1ab00_0, 0;
T_4.9 ;
T_4.7 ;
T_4.3 ;
T_4.1 ;
    %jmp T_4;
    .thread T_4;
    .scope S_0000022bebd1a8d0;
T_5 ;
    %wait E_0000022bebe6a860;
    %load/vec4 v0000022bebcf2de0_0;
    %flag_set/vec4 8;
    %jmp/0xz  T_5.0, 8;
    %pushi/vec4 0, 0, 1;
    %assign/vec4 v0000022bebd1aa60_0, 0;
    %jmp T_5.1;
T_5.0 ;
    %load/vec4 v0000022bebd180b0_0;
    %cmpi/e 0, 0, 2;
    %flag_get/vec4 4;
    %jmp/0 T_5.4, 4;
    %load/vec4 v0000022bebd1ab00_0;
    %load/vec4 v0000022bebcf2ca0_0;
    %cmp/e;
    %flag_get/vec4 4;
    %and;
T_5.4;
    %flag_set/vec4 8;
    %jmp/0xz  T_5.2, 8;
    %pushi/vec4 1, 0, 1;
    %assign/vec4 v0000022bebd1aa60_0, 0;
    %jmp T_5.3;
T_5.2 ;
    %pushi/vec4 0, 0, 1;
    %assign/vec4 v0000022bebd1aa60_0, 0;
T_5.3 ;
T_5.1 ;
    %jmp T_5;
    .thread T_5;
    .scope S_0000022bebe6b1a0;
T_6 ;
    %pushi/vec4 0, 0, 1;
    %store/vec4 v0000022bebd7ea80_0, 0, 1;
    %end;
    .thread T_6;
    .scope S_0000022bebe6b1a0;
T_7 ;
    %delay 5, 0;
    %load/vec4 v0000022bebd7ea80_0;
    %inv;
    %store/vec4 v0000022bebd7ea80_0, 0, 1;
    %jmp T_7;
    .thread T_7;
    .scope S_0000022bebe6b1a0;
T_8 ;
    %pushi/vec4 1, 0, 1;
    %store/vec4 v0000022bebd7ec60_0, 0, 1;
    %pushi/vec4 0, 0, 1;
    %store/vec4 v0000022bebd7ed50_0, 0, 1;
    %pushi/vec4 0, 0, 3;
    %store/vec4 v0000022bebd7ebc0_0, 0, 3;
    %pushi/vec4 2, 0, 32;
T_8.0 %dup/vec4;
    %pushi/vec4 0, 0, 32;
    %cmp/s;
    %jmp/1xz T_8.1, 5;
    %jmp/1 T_8.1, 4;
    %pushi/vec4 1, 0, 32;
    %sub;
    %wait E_0000022bebe6a5a0;
    %jmp T_8.0;
T_8.1 ;
    %pop/vec4 1;
    %pushi/vec4 0, 0, 1;
    %store/vec4 v0000022bebd7ec60_0, 0, 1;
    %pushi/vec4 2, 0, 3;
    %store/vec4 v0000022bebd7e850_0, 0, 3;
    %fork TD_controller_tb.floor_input, S_0000022bebcf2f20;
    %join;
    %pushi/vec4 30, 0, 32;
T_8.2 %dup/vec4;
    %pushi/vec4 0, 0, 32;
    %cmp/s;
    %jmp/1xz T_8.3, 5;
    %jmp/1 T_8.3, 4;
    %pushi/vec4 1, 0, 32;
    %sub;
    %wait E_0000022bebe6a5a0;
    %jmp T_8.2;
T_8.3 ;
    %pop/vec4 1;
    %pushi/vec4 0, 0, 3;
    %store/vec4 v0000022bebd7e850_0, 0, 3;
    %fork TD_controller_tb.floor_input, S_0000022bebcf2f20;
    %join;
    %pushi/vec4 40, 0, 32;
T_8.4 %dup/vec4;
    %pushi/vec4 0, 0, 32;
    %cmp/s;
    %jmp/1xz T_8.5, 5;
    %jmp/1 T_8.5, 4;
    %pushi/vec4 1, 0, 32;
    %sub;
    %wait E_0000022bebe6a5a0;
    %jmp T_8.4;
T_8.5 ;
    %pop/vec4 1;
    %pushi/vec4 4, 0, 3;
    %store/vec4 v0000022bebd7e850_0, 0, 3;
    %fork TD_controller_tb.floor_input, S_0000022bebcf2f20;
    %join;
    %pushi/vec4 50, 0, 32;
T_8.6 %dup/vec4;
    %pushi/vec4 0, 0, 32;
    %cmp/s;
    %jmp/1xz T_8.7, 5;
    %jmp/1 T_8.7, 4;
    %pushi/vec4 1, 0, 32;
    %sub;
    %wait E_0000022bebe6a5a0;
    %jmp T_8.6;
T_8.7 ;
    %pop/vec4 1;
    %vpi_call 2 148 "$finish" {0 0 0};
    %end;
    .thread T_8;
    .scope S_0000022bebe6b1a0;
T_9 ;
    %vpi_call 2 155 "$dumpfile", "controller.vcd" {0 0 0};
    %vpi_call 2 156 "$dumpvars", 32'sb00000000000000000000000000000000, S_0000022bebe6b1a0 {0 0 0};
    %end;
    .thread T_9;
    .scope S_0000022bebe6b1a0;
T_10 ;
    %vpi_call 2 160 "$monitor", "T=%0t  | door status=%b ", $time, v0000022bebd7eb20_0 {0 0 0};
    %end;
    .thread T_10;
# The file index is used to find the file name in the following table.
:file_names 3;
    "N/A";
    "<interactive>";
    "Elevator_controller.v";
