#! /c/Source/iverilog-install/bin/vvp
:ivl_version "12.0 (devel)" "(s20150603-1539-g2693dd32b)";
:ivl_delay_selection "TYPICAL";
:vpi_time_precision - 9;
:vpi_module "E:\Edu_software\verilog\iverilog\lib\ivl\system.vpi";
:vpi_module "E:\Edu_software\verilog\iverilog\lib\ivl\vhdl_sys.vpi";
:vpi_module "E:\Edu_software\verilog\iverilog\lib\ivl\vhdl_textio.vpi";
:vpi_module "E:\Edu_software\verilog\iverilog\lib\ivl\v2005_math.vpi";
:vpi_module "E:\Edu_software\verilog\iverilog\lib\ivl\va_math.vpi";
S_000002c42e843fe0 .scope module, "controller_tb" "controller_tb" 2 242;
 .timescale -9 -9;
P_000002c42e875f20 .param/l "COUNTER_BIT" 0 2 260, +C4<00000000000000000000000000000100>;
P_000002c42e875f58 .param/l "MAX" 0 2 259, +C4<00000000000000000000000000000111>;
P_000002c42e875f90 .param/l "TARGET_BIT" 0 2 261, +C4<00000000000000000000000000000010>;
v000002c42e8cf7d0_0 .var/i "call", 31 0;
v000002c42e8cf4b0_0 .var "call_floor", 2 0;
v000002c42e8cf410_0 .var "clk", 0 0;
v000002c42e8cf690_0 .net "door_status", 0 0, v000002c42e8432f0_0;  1 drivers
v000002c42e8cfaf0_0 .var "downward", 0 0;
v000002c42e8cf870_0 .var/i "floor", 31 0;
v000002c42e8d0770_0 .var "floor_req", 2 0;
v000002c42e8d0bd0_0 .net "moving_down", 0 0, v000002c42e843110_0;  1 drivers
v000002c42e8cfeb0_0 .net "moving_up", 0 0, v000002c42e8431b0_0;  1 drivers
v000002c42e8cff50_0 .var "new_floor_button_pressed", 0 0;
v000002c42e8d04f0_0 .var "prev_floor", 7 0;
v000002c42e8cfc30_0 .var "rst", 0 0;
v000002c42e8cf910_0 .var "stop", 0 0;
v000002c42e8d0450_0 .var "upward", 0 0;
S_000002c42e90b380 .scope task, "call_elvtr" "call_elvtr" 2 301, 2 301 0, S_000002c42e843fe0;
 .timescale -9 -9;
v000002c42e843b10_0 .var "call", 2 0;
v000002c42e843750_0 .var "is_up", 0 0;
E_000002c42e87cbb0 .event posedge, v000002c42e843390_0;
TD_controller_tb.call_elvtr ;
    %wait E_000002c42e87cbb0;
    %load/vec4 v000002c42e843b10_0;
    %store/vec4 v000002c42e8cf4b0_0, 0, 3;
    %vpi_call 2 305 "$display", "CALLED FROM FLOOR = %d", v000002c42e843b10_0 {0 0 0};
    %load/vec4 v000002c42e843750_0;
    %flag_set/vec4 8;
    %jmp/0xz  T_0.0, 8;
    %pushi/vec4 1, 0, 1;
    %store/vec4 v000002c42e8d0450_0, 0, 1;
    %vpi_call 2 308 "$display", "Moving up" {0 0 0};
    %jmp T_0.1;
T_0.0 ;
    %pushi/vec4 1, 0, 1;
    %store/vec4 v000002c42e8cfaf0_0, 0, 1;
    %vpi_call 2 312 "$display", "Moving down" {0 0 0};
T_0.1 ;
    %pushi/vec4 2, 0, 32;
T_0.2 %dup/vec4;
    %pushi/vec4 0, 0, 32;
    %cmp/s;
    %jmp/1xz T_0.3, 5;
    %jmp/1 T_0.3, 4;
    %pushi/vec4 1, 0, 32;
    %sub;
    %wait E_000002c42e87cbb0;
    %jmp T_0.2;
T_0.3 ;
    %pop/vec4 1;
    %pushi/vec4 0, 0, 1;
    %store/vec4 v000002c42e8d0450_0, 0, 1;
    %pushi/vec4 0, 0, 1;
    %store/vec4 v000002c42e8cfaf0_0, 0, 1;
    %end;
S_000002c42e844380 .scope module, "dut" "controller" 2 265, 2 2 0, S_000002c42e843fe0;
 .timescale -9 -9;
    .port_info 0 /INPUT 3 "floor_req";
    .port_info 1 /INPUT 3 "call_floor";
    .port_info 2 /INPUT 1 "new_floor_button_pressed";
    .port_info 3 /INPUT 1 "stop";
    .port_info 4 /INPUT 1 "clk";
    .port_info 5 /INPUT 1 "rst";
    .port_info 6 /INPUT 1 "upward";
    .port_info 7 /INPUT 1 "downward";
    .port_info 8 /OUTPUT 1 "door_status";
    .port_info 9 /OUTPUT 1 "moving_up";
    .port_info 10 /OUTPUT 1 "moving_down";
P_000002c42e844510 .param/l "COUNTER_BIT" 0 2 18, +C4<00000000000000000000000000000100>;
P_000002c42e844548 .param/l "GO_DOWN" 0 2 24, C4<10>;
P_000002c42e844580 .param/l "GO_UP" 0 2 23, C4<01>;
P_000002c42e8445b8 .param/l "IDLE" 0 2 22, C4<00>;
P_000002c42e8445f0 .param/l "MAX" 0 2 17, +C4<00000000000000000000000000000111>;
P_000002c42e844628 .param/l "OPEN_DOOR" 0 2 25, C4<11>;
P_000002c42e844660 .param/l "TARGET_BIT" 0 2 19, +C4<00000000000000000000000000000010>;
L_000002c42e840480 .functor OR 8, v000002c42e843610_0, v000002c42e8439d0_0, C4<00000000>, C4<00000000>;
v000002c42e843930_0 .net *"_ivl_2", 31 0, L_000002c42e8cfff0;  1 drivers
L_000002c42e910088 .functor BUFT 1, C4<000000000000000000000000000>, C4<0>, C4<0>, C4<0>;
v000002c42e8436b0_0 .net *"_ivl_5", 26 0, L_000002c42e910088;  1 drivers
L_000002c42e9100d0 .functor BUFT 1, C4<00000000000000000000000000010100>, C4<0>, C4<0>, C4<0>;
v000002c42e843430_0 .net/2u *"_ivl_6", 31 0, L_000002c42e9100d0;  1 drivers
v000002c42e8439d0_0 .var "cabin_request", 7 0;
v000002c42e842e90_0 .net "call_floor", 2 0, v000002c42e8cf4b0_0;  1 drivers
v000002c42e843610_0 .var "call_request", 7 0;
v000002c42e843390_0 .net "clk", 0 0, v000002c42e8cf410_0;  1 drivers
v000002c42e8434d0_0 .var "current_state", 1 0;
v000002c42e8432f0_0 .var "door_status", 0 0;
v000002c42e8437f0_0 .var "door_timing_counter", 4 0;
v000002c42e843a70_0 .net "downward", 0 0, v000002c42e8cfaf0_0;  1 drivers
v000002c42e843d90_0 .var "floor_count", 2 0;
v000002c42e843bb0_0 .net "floor_req", 2 0, v000002c42e8d0770_0;  1 drivers
v000002c42e843c50_0 .var "found", 0 0;
v000002c42e842f30_0 .var "has_request_above", 0 0;
v000002c42e842fd0_0 .var "has_request_below", 0 0;
v000002c42e843070_0 .var/i "i", 31 0;
v000002c42e843570_0 .var/i "j", 31 0;
v000002c42e843110_0 .var "moving_down", 0 0;
v000002c42e8431b0_0 .var "moving_up", 0 0;
v000002c42e8cfe10_0 .net "new_floor_button_pressed", 0 0, v000002c42e8cff50_0;  1 drivers
v000002c42e8cf0f0_0 .var "next_state", 1 0;
v000002c42e8cf230_0 .var "next_target", 2 0;
v000002c42e8cf730_0 .net "request", 7 0, L_000002c42e840480;  1 drivers
v000002c42e8d0590_0 .net "rst", 0 0, v000002c42e8cfc30_0;  1 drivers
v000002c42e8cf550_0 .net "stop", 0 0, v000002c42e8cf910_0;  1 drivers
v000002c42e8d06d0_0 .var "target", 2 0;
v000002c42e8cee70_0 .net "timeout", 0 0, L_000002c42e8cf9b0;  1 drivers
v000002c42e8d0630_0 .net "upward", 0 0, v000002c42e8d0450_0;  1 drivers
E_000002c42e87c4f0 .event posedge, v000002c42e8d0590_0, v000002c42e843390_0;
E_000002c42e87ccb0/0 .event anyedge, v000002c42e8434d0_0, v000002c42e8cf730_0, v000002c42e8cf230_0, v000002c42e843d90_0;
E_000002c42e87ccb0/1 .event anyedge, v000002c42e8cf550_0, v000002c42e8cee70_0;
E_000002c42e87ccb0 .event/or E_000002c42e87ccb0/0, E_000002c42e87ccb0/1;
E_000002c42e87c430/0 .event anyedge, v000002c42e843d90_0, v000002c42e8cf730_0, v000002c42e8431b0_0, v000002c42e843c50_0;
E_000002c42e87c430/1 .event anyedge, v000002c42e843110_0;
E_000002c42e87c430 .event/or E_000002c42e87c430/0, E_000002c42e87c430/1;
L_000002c42e8cfff0 .concat [ 5 27 0 0], v000002c42e8437f0_0, L_000002c42e910088;
L_000002c42e8cf9b0 .cmp/eq 32, L_000002c42e8cfff0, L_000002c42e9100d0;
S_000002c42e906a10 .scope task, "emergency_stop" "emergency_stop" 2 342, 2 342 0, S_000002c42e843fe0;
 .timescale -9 -9;
TD_controller_tb.emergency_stop ;
    %wait E_000002c42e87cbb0;
    %pushi/vec4 1, 0, 1;
    %store/vec4 v000002c42e8cf910_0, 0, 1;
    %wait E_000002c42e87cbb0;
    %pushi/vec4 0, 0, 1;
    %store/vec4 v000002c42e8cf910_0, 0, 1;
    %vpi_call 2 348 "$display", "[%0t] Emergency STOP asserted and released", $time {0 0 0};
    %end;
S_000002c42e906ba0 .scope task, "press_button_inside" "press_button_inside" 2 323, 2 323 0, S_000002c42e843fe0;
 .timescale -9 -9;
v000002c42e8cf2d0_0 .var "floor", 2 0;
TD_controller_tb.press_button_inside ;
    %load/vec4 v000002c42e8cf2d0_0;
    %pad/u 32;
    %cmpi/u 7, 0, 32;
    %flag_or 5, 4; GT is !LE
    %flag_inv 5;
    %jmp/0xz  T_2.4, 5;
    %vpi_call 2 326 "$display", "ERROR: Invalid floor %0d", v000002c42e8cf2d0_0 {0 0 0};
    %disable S_000002c42e906ba0;
T_2.4 ;
    %wait E_000002c42e87cbb0;
    %load/vec4 v000002c42e8cf2d0_0;
    %store/vec4 v000002c42e8d0770_0, 0, 3;
    %pushi/vec4 1, 0, 1;
    %store/vec4 v000002c42e8cff50_0, 0, 1;
    %vpi_call 2 333 "$display", "BUTTON PRESSED FOR FLOOR = %d", v000002c42e8cf2d0_0 {0 0 0};
    %wait E_000002c42e87cbb0;
    %pushi/vec4 0, 0, 1;
    %store/vec4 v000002c42e8cff50_0, 0, 1;
    %pushi/vec4 0, 0, 3;
    %store/vec4 v000002c42e8d0770_0, 0, 3;
    %end;
S_000002c42e906d30 .scope task, "reset_dut" "reset_dut" 2 284, 2 284 0, S_000002c42e843fe0;
 .timescale -9 -9;
TD_controller_tb.reset_dut ;
    %pushi/vec4 1, 0, 1;
    %store/vec4 v000002c42e8cfc30_0, 0, 1;
    %pushi/vec4 0, 0, 3;
    %store/vec4 v000002c42e8d0770_0, 0, 3;
    %pushi/vec4 0, 0, 3;
    %store/vec4 v000002c42e8cf4b0_0, 0, 3;
    %pushi/vec4 0, 0, 1;
    %store/vec4 v000002c42e8d0450_0, 0, 1;
    %pushi/vec4 0, 0, 1;
    %store/vec4 v000002c42e8cfaf0_0, 0, 1;
    %pushi/vec4 0, 0, 1;
    %store/vec4 v000002c42e8cff50_0, 0, 1;
    %pushi/vec4 0, 0, 1;
    %store/vec4 v000002c42e8cf910_0, 0, 1;
    %pushi/vec4 5, 0, 32;
T_3.6 %dup/vec4;
    %pushi/vec4 0, 0, 32;
    %cmp/s;
    %jmp/1xz T_3.7, 5;
    %jmp/1 T_3.7, 4;
    %pushi/vec4 1, 0, 32;
    %sub;
    %wait E_000002c42e87cbb0;
    %jmp T_3.6;
T_3.7 ;
    %pop/vec4 1;
    %pushi/vec4 0, 0, 1;
    %store/vec4 v000002c42e8cfc30_0, 0, 1;
    %pushi/vec4 5, 0, 32;
T_3.8 %dup/vec4;
    %pushi/vec4 0, 0, 32;
    %cmp/s;
    %jmp/1xz T_3.9, 5;
    %jmp/1 T_3.9, 4;
    %pushi/vec4 1, 0, 32;
    %sub;
    %wait E_000002c42e87cbb0;
    %jmp T_3.8;
T_3.9 ;
    %pop/vec4 1;
    %end;
    .scope S_000002c42e844380;
T_4 ;
    %wait E_000002c42e87c4f0;
    %load/vec4 v000002c42e8d0590_0;
    %flag_set/vec4 8;
    %jmp/0xz  T_4.0, 8;
    %pushi/vec4 0, 0, 8;
    %assign/vec4 v000002c42e843610_0, 0;
    %pushi/vec4 0, 0, 8;
    %assign/vec4 v000002c42e8439d0_0, 0;
    %jmp T_4.1;
T_4.0 ;
    %load/vec4 v000002c42e8d0630_0;
    %flag_set/vec4 8;
    %jmp/1 T_4.4, 8;
    %load/vec4 v000002c42e843a70_0;
    %flag_set/vec4 9;
    %flag_or 8, 9;
T_4.4;
    %jmp/0xz  T_4.2, 8;
    %pushi/vec4 1, 0, 1;
    %ix/load 5, 0, 0;
    %ix/getv 4, v000002c42e842e90_0;
    %assign/vec4/off/d v000002c42e843610_0, 4, 5;
T_4.2 ;
    %load/vec4 v000002c42e8cfe10_0;
    %flag_set/vec4 8;
    %jmp/0xz  T_4.5, 8;
    %pushi/vec4 1, 0, 1;
    %ix/load 5, 0, 0;
    %ix/getv 4, v000002c42e843bb0_0;
    %assign/vec4/off/d v000002c42e8439d0_0, 4, 5;
T_4.5 ;
    %load/vec4 v000002c42e8434d0_0;
    %cmpi/e 3, 0, 2;
    %flag_get/vec4 4;
    %jmp/0 T_4.9, 4;
    %load/vec4 v000002c42e8cee70_0;
    %and;
T_4.9;
    %flag_set/vec4 8;
    %jmp/0xz  T_4.7, 8;
    %pushi/vec4 0, 0, 1;
    %ix/load 5, 0, 0;
    %ix/getv 4, v000002c42e843d90_0;
    %assign/vec4/off/d v000002c42e8439d0_0, 4, 5;
    %pushi/vec4 0, 0, 1;
    %ix/load 5, 0, 0;
    %ix/getv 4, v000002c42e843d90_0;
    %assign/vec4/off/d v000002c42e843610_0, 4, 5;
T_4.7 ;
T_4.1 ;
    %jmp T_4;
    .thread T_4;
    .scope S_000002c42e844380;
T_5 ;
    %wait E_000002c42e87c430;
    %pushi/vec4 0, 0, 3;
    %store/vec4 v000002c42e8d06d0_0, 0, 3;
    %pushi/vec4 0, 0, 1;
    %store/vec4 v000002c42e843c50_0, 0, 1;
    %load/vec4 v000002c42e8cf730_0;
    %load/vec4 v000002c42e843d90_0;
    %part/u 1;
    %flag_set/vec4 8;
    %jmp/0xz  T_5.0, 8;
    %load/vec4 v000002c42e843d90_0;
    %store/vec4 v000002c42e8d06d0_0, 0, 3;
    %pushi/vec4 1, 0, 1;
    %store/vec4 v000002c42e843c50_0, 0, 1;
    %jmp T_5.1;
T_5.0 ;
    %load/vec4 v000002c42e8431b0_0;
    %flag_set/vec4 8;
    %jmp/0xz  T_5.2, 8;
    %load/vec4 v000002c42e843d90_0;
    %pad/u 32;
    %addi 1, 0, 32;
    %store/vec4 v000002c42e843070_0, 0, 32;
T_5.4 ;
    %load/vec4 v000002c42e843070_0;
    %cmpi/s 7, 0, 32;
    %flag_or 5, 4;
    %jmp/0xz T_5.5, 5;
    %load/vec4 v000002c42e8cf730_0;
    %load/vec4 v000002c42e843070_0;
    %part/s 1;
    %flag_set/vec4 9;
    %flag_get/vec4 9;
    %jmp/0 T_5.8, 9;
    %load/vec4 v000002c42e843c50_0;
    %nor/r;
    %and;
T_5.8;
    %flag_set/vec4 8;
    %jmp/0xz  T_5.6, 8;
    %load/vec4 v000002c42e843070_0;
    %pad/s 3;
    %store/vec4 v000002c42e8d06d0_0, 0, 3;
    %pushi/vec4 1, 0, 1;
    %store/vec4 v000002c42e843c50_0, 0, 1;
T_5.6 ;
    %load/vec4 v000002c42e843070_0;
    %addi 1, 0, 32;
    %store/vec4 v000002c42e843070_0, 0, 32;
    %jmp T_5.4;
T_5.5 ;
    %jmp T_5.3;
T_5.2 ;
    %load/vec4 v000002c42e843110_0;
    %flag_set/vec4 8;
    %jmp/0xz  T_5.9, 8;
    %load/vec4 v000002c42e843d90_0;
    %pad/u 32;
    %subi 1, 0, 32;
    %store/vec4 v000002c42e843070_0, 0, 32;
T_5.11 ;
    %load/vec4 v000002c42e843070_0;
    %cmpi/s 0, 0, 32;
    %flag_inv 5; GE is !LT
    %jmp/0xz T_5.12, 5;
    %load/vec4 v000002c42e8cf730_0;
    %load/vec4 v000002c42e843070_0;
    %part/s 1;
    %flag_set/vec4 9;
    %flag_get/vec4 9;
    %jmp/0 T_5.15, 9;
    %load/vec4 v000002c42e843c50_0;
    %nor/r;
    %and;
T_5.15;
    %flag_set/vec4 8;
    %jmp/0xz  T_5.13, 8;
    %load/vec4 v000002c42e843070_0;
    %pad/s 3;
    %store/vec4 v000002c42e8d06d0_0, 0, 3;
    %pushi/vec4 1, 0, 1;
    %store/vec4 v000002c42e843c50_0, 0, 1;
T_5.13 ;
    %load/vec4 v000002c42e843070_0;
    %subi 1, 0, 32;
    %store/vec4 v000002c42e843070_0, 0, 32;
    %jmp T_5.11;
T_5.12 ;
    %jmp T_5.10;
T_5.9 ;
    %pushi/vec4 0, 0, 32;
    %store/vec4 v000002c42e843070_0, 0, 32;
T_5.16 ;
    %load/vec4 v000002c42e843070_0;
    %cmpi/s 8, 0, 32;
    %jmp/0xz T_5.17, 5;
    %load/vec4 v000002c42e8cf730_0;
    %load/vec4 v000002c42e843070_0;
    %part/s 1;
    %flag_set/vec4 9;
    %flag_get/vec4 9;
    %jmp/0 T_5.20, 9;
    %load/vec4 v000002c42e843c50_0;
    %nor/r;
    %and;
T_5.20;
    %flag_set/vec4 8;
    %jmp/0xz  T_5.18, 8;
    %load/vec4 v000002c42e843070_0;
    %pad/s 3;
    %store/vec4 v000002c42e8d06d0_0, 0, 3;
    %pushi/vec4 1, 0, 1;
    %store/vec4 v000002c42e843c50_0, 0, 1;
T_5.18 ;
    %load/vec4 v000002c42e843070_0;
    %addi 1, 0, 32;
    %store/vec4 v000002c42e843070_0, 0, 32;
    %jmp T_5.16;
T_5.17 ;
T_5.10 ;
T_5.3 ;
T_5.1 ;
    %jmp T_5;
    .thread T_5, $push;
    .scope S_000002c42e844380;
T_6 ;
    %wait E_000002c42e87c4f0;
    %load/vec4 v000002c42e8d0590_0;
    %flag_set/vec4 8;
    %jmp/0xz  T_6.0, 8;
    %pushi/vec4 0, 0, 3;
    %assign/vec4 v000002c42e8cf230_0, 0;
    %jmp T_6.1;
T_6.0 ;
    %load/vec4 v000002c42e8d06d0_0;
    %assign/vec4 v000002c42e8cf230_0, 0;
T_6.1 ;
    %jmp T_6;
    .thread T_6;
    .scope S_000002c42e844380;
T_7 ;
    %wait E_000002c42e87ccb0;
    %load/vec4 v000002c42e8434d0_0;
    %store/vec4 v000002c42e8cf0f0_0, 0, 2;
    %load/vec4 v000002c42e8434d0_0;
    %dup/vec4;
    %pushi/vec4 0, 0, 2;
    %cmp/u;
    %jmp/1 T_7.0, 6;
    %dup/vec4;
    %pushi/vec4 1, 0, 2;
    %cmp/u;
    %jmp/1 T_7.1, 6;
    %dup/vec4;
    %pushi/vec4 2, 0, 2;
    %cmp/u;
    %jmp/1 T_7.2, 6;
    %dup/vec4;
    %pushi/vec4 3, 0, 2;
    %cmp/u;
    %jmp/1 T_7.3, 6;
    %pushi/vec4 0, 0, 2;
    %store/vec4 v000002c42e8cf0f0_0, 0, 2;
    %jmp T_7.5;
T_7.0 ;
    %load/vec4 v000002c42e8cf730_0;
    %or/r;
    %flag_set/vec4 8;
    %jmp/0xz  T_7.6, 8;
    %load/vec4 v000002c42e843d90_0;
    %load/vec4 v000002c42e8cf230_0;
    %cmp/u;
    %jmp/0xz  T_7.8, 5;
    %pushi/vec4 1, 0, 2;
    %store/vec4 v000002c42e8cf0f0_0, 0, 2;
    %jmp T_7.9;
T_7.8 ;
    %load/vec4 v000002c42e8cf230_0;
    %load/vec4 v000002c42e843d90_0;
    %cmp/u;
    %jmp/0xz  T_7.10, 5;
    %pushi/vec4 2, 0, 2;
    %store/vec4 v000002c42e8cf0f0_0, 0, 2;
    %jmp T_7.11;
T_7.10 ;
    %pushi/vec4 0, 0, 2;
    %store/vec4 v000002c42e8cf0f0_0, 0, 2;
T_7.11 ;
T_7.9 ;
T_7.6 ;
    %jmp T_7.5;
T_7.1 ;
    %load/vec4 v000002c42e8cf550_0;
    %flag_set/vec4 8;
    %jmp/1 T_7.14, 8;
    %load/vec4 v000002c42e8cf230_0;
    %load/vec4 v000002c42e843d90_0;
    %cmp/e;
    %flag_or 8, 4;
T_7.14;
    %jmp/0xz  T_7.12, 8;
    %pushi/vec4 3, 0, 2;
    %store/vec4 v000002c42e8cf0f0_0, 0, 2;
    %jmp T_7.13;
T_7.12 ;
    %load/vec4 v000002c42e8434d0_0;
    %store/vec4 v000002c42e8cf0f0_0, 0, 2;
T_7.13 ;
    %jmp T_7.5;
T_7.2 ;
    %load/vec4 v000002c42e8cf550_0;
    %flag_set/vec4 8;
    %jmp/1 T_7.17, 8;
    %load/vec4 v000002c42e8cf230_0;
    %load/vec4 v000002c42e843d90_0;
    %cmp/e;
    %flag_or 8, 4;
T_7.17;
    %jmp/0xz  T_7.15, 8;
    %pushi/vec4 3, 0, 2;
    %store/vec4 v000002c42e8cf0f0_0, 0, 2;
    %jmp T_7.16;
T_7.15 ;
    %load/vec4 v000002c42e8434d0_0;
    %store/vec4 v000002c42e8cf0f0_0, 0, 2;
T_7.16 ;
    %jmp T_7.5;
T_7.3 ;
    %load/vec4 v000002c42e8cee70_0;
    %flag_set/vec4 8;
    %jmp/0xz  T_7.18, 8;
    %pushi/vec4 0, 0, 2;
    %store/vec4 v000002c42e8cf0f0_0, 0, 2;
T_7.18 ;
    %jmp T_7.5;
T_7.5 ;
    %pop/vec4 1;
    %jmp T_7;
    .thread T_7, $push;
    .scope S_000002c42e844380;
T_8 ;
    %wait E_000002c42e87c4f0;
    %load/vec4 v000002c42e8d0590_0;
    %flag_set/vec4 8;
    %jmp/0xz  T_8.0, 8;
    %pushi/vec4 1, 0, 1;
    %assign/vec4 v000002c42e8431b0_0, 0;
    %pushi/vec4 0, 0, 1;
    %assign/vec4 v000002c42e843110_0, 0;
    %jmp T_8.1;
T_8.0 ;
    %pushi/vec4 0, 0, 1;
    %store/vec4 v000002c42e842f30_0, 0, 1;
    %pushi/vec4 0, 0, 1;
    %store/vec4 v000002c42e842fd0_0, 0, 1;
    %load/vec4 v000002c42e843d90_0;
    %pad/u 32;
    %addi 1, 0, 32;
    %store/vec4 v000002c42e843570_0, 0, 32;
T_8.2 ;
    %load/vec4 v000002c42e843570_0;
    %cmpi/s 7, 0, 32;
    %flag_or 5, 4;
    %jmp/0xz T_8.3, 5;
    %load/vec4 v000002c42e8cf730_0;
    %load/vec4 v000002c42e843570_0;
    %part/s 1;
    %flag_set/vec4 8;
    %jmp/0xz  T_8.4, 8;
    %pushi/vec4 1, 0, 1;
    %store/vec4 v000002c42e842f30_0, 0, 1;
T_8.4 ;
    %load/vec4 v000002c42e843570_0;
    %addi 1, 0, 32;
    %store/vec4 v000002c42e843570_0, 0, 32;
    %jmp T_8.2;
T_8.3 ;
    %pushi/vec4 0, 0, 32;
    %store/vec4 v000002c42e843570_0, 0, 32;
T_8.6 ;
    %load/vec4 v000002c42e843570_0;
    %load/vec4 v000002c42e843d90_0;
    %pad/u 32;
    %cmp/u;
    %jmp/0xz T_8.7, 5;
    %load/vec4 v000002c42e8cf730_0;
    %load/vec4 v000002c42e843570_0;
    %part/s 1;
    %flag_set/vec4 8;
    %jmp/0xz  T_8.8, 8;
    %pushi/vec4 1, 0, 1;
    %store/vec4 v000002c42e842fd0_0, 0, 1;
T_8.8 ;
    %load/vec4 v000002c42e843570_0;
    %addi 1, 0, 32;
    %store/vec4 v000002c42e843570_0, 0, 32;
    %jmp T_8.6;
T_8.7 ;
    %load/vec4 v000002c42e8434d0_0;
    %cmpi/e 0, 0, 2;
    %jmp/0xz  T_8.10, 4;
    %load/vec4 v000002c42e842f30_0;
    %flag_set/vec4 8;
    %jmp/0xz  T_8.12, 8;
    %pushi/vec4 1, 0, 1;
    %assign/vec4 v000002c42e8431b0_0, 0;
    %pushi/vec4 0, 0, 1;
    %assign/vec4 v000002c42e843110_0, 0;
    %jmp T_8.13;
T_8.12 ;
    %load/vec4 v000002c42e842fd0_0;
    %flag_set/vec4 8;
    %jmp/0xz  T_8.14, 8;
    %pushi/vec4 1, 0, 1;
    %assign/vec4 v000002c42e843110_0, 0;
    %pushi/vec4 0, 0, 1;
    %assign/vec4 v000002c42e8431b0_0, 0;
T_8.14 ;
T_8.13 ;
T_8.10 ;
T_8.1 ;
    %jmp T_8;
    .thread T_8;
    .scope S_000002c42e844380;
T_9 ;
    %wait E_000002c42e87c4f0;
    %load/vec4 v000002c42e8d0590_0;
    %flag_set/vec4 8;
    %jmp/0xz  T_9.0, 8;
    %pushi/vec4 0, 0, 2;
    %assign/vec4 v000002c42e8434d0_0, 0;
    %jmp T_9.1;
T_9.0 ;
    %load/vec4 v000002c42e8cf0f0_0;
    %assign/vec4 v000002c42e8434d0_0, 0;
T_9.1 ;
    %jmp T_9;
    .thread T_9;
    .scope S_000002c42e844380;
T_10 ;
    %wait E_000002c42e87c4f0;
    %load/vec4 v000002c42e8d0590_0;
    %flag_set/vec4 8;
    %jmp/0xz  T_10.0, 8;
    %pushi/vec4 0, 0, 3;
    %assign/vec4 v000002c42e843d90_0, 0;
    %jmp T_10.1;
T_10.0 ;
    %load/vec4 v000002c42e8434d0_0;
    %cmpi/e 1, 0, 2;
    %jmp/0xz  T_10.2, 4;
    %load/vec4 v000002c42e843d90_0;
    %load/vec4 v000002c42e8cf230_0;
    %cmp/u;
    %flag_get/vec4 5;
    %jmp/0 T_10.6, 5;
    %load/vec4 v000002c42e843d90_0;
    %pad/u 32;
    %cmpi/u 7, 0, 32;
    %flag_get/vec4 5;
    %and;
T_10.6;
    %flag_set/vec4 8;
    %jmp/0xz  T_10.4, 8;
    %load/vec4 v000002c42e843d90_0;
    %addi 1, 0, 3;
    %assign/vec4 v000002c42e843d90_0, 0;
T_10.4 ;
    %jmp T_10.3;
T_10.2 ;
    %load/vec4 v000002c42e8434d0_0;
    %cmpi/e 2, 0, 2;
    %jmp/0xz  T_10.7, 4;
    %load/vec4 v000002c42e8cf230_0;
    %load/vec4 v000002c42e843d90_0;
    %cmp/u;
    %flag_get/vec4 5;
    %jmp/0 T_10.11, 5;
    %pushi/vec4 0, 0, 32;
    %load/vec4 v000002c42e843d90_0;
    %pad/u 32;
    %cmp/u;
    %flag_get/vec4 5;
    %and;
T_10.11;
    %flag_set/vec4 8;
    %jmp/0xz  T_10.9, 8;
    %load/vec4 v000002c42e843d90_0;
    %subi 1, 0, 3;
    %assign/vec4 v000002c42e843d90_0, 0;
T_10.9 ;
T_10.7 ;
T_10.3 ;
T_10.1 ;
    %jmp T_10;
    .thread T_10;
    .scope S_000002c42e844380;
T_11 ;
    %wait E_000002c42e87c4f0;
    %load/vec4 v000002c42e8d0590_0;
    %flag_set/vec4 8;
    %jmp/0xz  T_11.0, 8;
    %pushi/vec4 0, 0, 5;
    %assign/vec4 v000002c42e8437f0_0, 0;
    %jmp T_11.1;
T_11.0 ;
    %load/vec4 v000002c42e8434d0_0;
    %cmpi/e 3, 0, 2;
    %jmp/0xz  T_11.2, 4;
    %load/vec4 v000002c42e8437f0_0;
    %pad/u 32;
    %cmpi/u 25, 0, 32;
    %jmp/0xz  T_11.4, 5;
    %load/vec4 v000002c42e8437f0_0;
    %addi 1, 0, 5;
    %assign/vec4 v000002c42e8437f0_0, 0;
T_11.4 ;
    %jmp T_11.3;
T_11.2 ;
    %pushi/vec4 0, 0, 5;
    %assign/vec4 v000002c42e8437f0_0, 0;
T_11.3 ;
T_11.1 ;
    %jmp T_11;
    .thread T_11;
    .scope S_000002c42e844380;
T_12 ;
    %wait E_000002c42e87c4f0;
    %load/vec4 v000002c42e8d0590_0;
    %flag_set/vec4 8;
    %jmp/0xz  T_12.0, 8;
    %pushi/vec4 0, 0, 1;
    %assign/vec4 v000002c42e8432f0_0, 0;
    %jmp T_12.1;
T_12.0 ;
    %load/vec4 v000002c42e8434d0_0;
    %cmpi/e 3, 0, 2;
    %flag_get/vec4 4;
    %jmp/0 T_12.4, 4;
    %load/vec4 v000002c42e8cee70_0;
    %nor/r;
    %and;
T_12.4;
    %flag_set/vec4 8;
    %jmp/0xz  T_12.2, 8;
    %pushi/vec4 1, 0, 1;
    %assign/vec4 v000002c42e8432f0_0, 0;
    %jmp T_12.3;
T_12.2 ;
    %pushi/vec4 0, 0, 1;
    %assign/vec4 v000002c42e8432f0_0, 0;
T_12.3 ;
T_12.1 ;
    %jmp T_12;
    .thread T_12;
    .scope S_000002c42e843fe0;
T_13 ;
    %pushi/vec4 0, 0, 8;
    %store/vec4 v000002c42e8d04f0_0, 0, 8;
    %end;
    .thread T_13;
    .scope S_000002c42e843fe0;
T_14 ;
    %pushi/vec4 0, 0, 1;
    %store/vec4 v000002c42e8cf410_0, 0, 1;
    %end;
    .thread T_14;
    .scope S_000002c42e843fe0;
T_15 ;
    %delay 5, 0;
    %load/vec4 v000002c42e8cf410_0;
    %inv;
    %store/vec4 v000002c42e8cf410_0, 0, 1;
    %jmp T_15;
    .thread T_15;
    .scope S_000002c42e843fe0;
T_16 ;
    %wait E_000002c42e87cbb0;
    %load/vec4 v000002c42e843d90_0;
    %pad/u 8;
    %load/vec4 v000002c42e8d04f0_0;
    %cmp/ne;
    %jmp/0xz  T_16.0, 4;
    %vpi_call 2 359 "$display", "[%0t] Door Open - %0d | Floor: %0d", $time, v000002c42e8cf690_0, v000002c42e843d90_0 {0 0 0};
    %load/vec4 v000002c42e843d90_0;
    %pad/u 8;
    %assign/vec4 v000002c42e8d04f0_0, 0;
T_16.0 ;
    %jmp T_16;
    .thread T_16;
    .scope S_000002c42e843fe0;
T_17 ;
    %vpi_call 2 373 "$dumpfile", "controller.vcd" {0 0 0};
    %vpi_call 2 374 "$dumpvars", 32'sb00000000000000000000000000000000, S_000002c42e843fe0 {0 0 0};
    %fork TD_controller_tb.reset_dut, S_000002c42e906d30;
    %join;
    %pushi/vec4 40, 0, 32;
T_17.0 %dup/vec4;
    %pushi/vec4 0, 0, 32;
    %cmp/s;
    %jmp/1xz T_17.1, 5;
    %jmp/1 T_17.1, 4;
    %pushi/vec4 1, 0, 32;
    %sub;
    %vpi_func 2 380 "$random" 32 {0 0 0};
    %pushi/vec4 5, 0, 32;
    %mod/s;
    %cmpi/e 0, 0, 32;
    %jmp/0xz  T_17.2, 4;
    %fork TD_controller_tb.emergency_stop, S_000002c42e906a10;
    %join;
    %jmp T_17.3;
T_17.2 ;
    %vpi_func 2 383 "$random" 32 {0 0 0};
    %pushi/vec4 3, 0, 32;
    %mod/s;
    %cmpi/e 0, 0, 32;
    %jmp/0xz  T_17.4, 4;
    %vpi_func 2 384 "$urandom_range" 32, 32'sb00000000000000000000000000000000, P_000002c42e875f58 {0 0 0};
    %store/vec4 v000002c42e8cf7d0_0, 0, 32;
    %load/vec4 v000002c42e8cf7d0_0;
    %pad/s 3;
    %store/vec4 v000002c42e843b10_0, 0, 3;
    %vpi_func 2 385 "$random" 32 {0 0 0};
    %pushi/vec4 2, 0, 32;
    %mod/s;
    %pad/s 1;
    %store/vec4 v000002c42e843750_0, 0, 1;
    %fork TD_controller_tb.call_elvtr, S_000002c42e90b380;
    %join;
    %jmp T_17.5;
T_17.4 ;
    %vpi_func 2 389 "$urandom_range" 32, 32'sb00000000000000000000000000000000, P_000002c42e875f58 {0 0 0};
    %store/vec4 v000002c42e8cf870_0, 0, 32;
    %load/vec4 v000002c42e8cf870_0;
    %pad/s 3;
    %store/vec4 v000002c42e8cf2d0_0, 0, 3;
    %fork TD_controller_tb.press_button_inside, S_000002c42e906ba0;
    %join;
T_17.5 ;
T_17.3 ;
    %vpi_func 2 395 "$urandom_range" 32, 32'sb00000000000000000000000000000101, 32'sb00000000000000000000000000011001 {0 0 0};
T_17.6 %dup/vec4;
    %pushi/vec4 0, 0, 32;
    %cmp/u;
    %jmp/1 T_17.7, 4;
    %pushi/vec4 1, 0, 32;
    %sub;
    %wait E_000002c42e87cbb0;
    %jmp T_17.6;
T_17.7 ;
    %pop/vec4 1;
    %jmp T_17.0;
T_17.1 ;
    %pop/vec4 1;
    %pushi/vec4 100, 0, 32;
T_17.8 %dup/vec4;
    %pushi/vec4 0, 0, 32;
    %cmp/s;
    %jmp/1xz T_17.9, 5;
    %jmp/1 T_17.9, 4;
    %pushi/vec4 1, 0, 32;
    %sub;
    %wait E_000002c42e87cbb0;
    %jmp T_17.8;
T_17.9 ;
    %pop/vec4 1;
    %vpi_call 2 400 "$finish" {0 0 0};
    %end;
    .thread T_17;
# The file index is used to find the file name in the following table.
:file_names 3;
    "N/A";
    "<interactive>";
    "Elevator_controller.v";
