#! /c/Source/iverilog-install/bin/vvp
:ivl_version "12.0 (devel)" "(s20150603-1539-g2693dd32b)";
:ivl_delay_selection "TYPICAL";
:vpi_time_precision - 9;
:vpi_module "E:\Edu_software\verilog\iverilog\lib\ivl\system.vpi";
:vpi_module "E:\Edu_software\verilog\iverilog\lib\ivl\vhdl_sys.vpi";
:vpi_module "E:\Edu_software\verilog\iverilog\lib\ivl\vhdl_textio.vpi";
:vpi_module "E:\Edu_software\verilog\iverilog\lib\ivl\v2005_math.vpi";
:vpi_module "E:\Edu_software\verilog\iverilog\lib\ivl\va_math.vpi";
S_0000020e65643910 .scope module, "controller_tb" "controller_tb" 2 246;
 .timescale -9 -9;
P_0000020e65673f20 .param/l "COUNTER_BIT" 0 2 264, +C4<00000000000000000000000000000100>;
P_0000020e65673f58 .param/l "MAX" 0 2 263, +C4<00000000000000000000000000000111>;
P_0000020e65673f90 .param/l "TARGET_BIT" 0 2 265, +C4<00000000000000000000000000000010>;
v0000020e656d16d0_0 .var/i "call", 31 0;
v0000020e656d1b30_0 .var "call_floor", 2 0;
v0000020e656d23f0_0 .var "clk", 0 0;
v0000020e656d2030_0 .net "door_status", 0 0, v0000020e65675e90_0;  1 drivers
v0000020e656d14f0_0 .var "downward", 0 0;
v0000020e656d25d0_0 .var/i "floor", 31 0;
v0000020e656d1810_0 .var "floor_req", 2 0;
v0000020e656d20d0_0 .net "moving_down", 0 0, v0000020e65675d50_0;  1 drivers
v0000020e656d27b0_0 .net "moving_up", 0 0, v0000020e65675530_0;  1 drivers
v0000020e656d1590_0 .var "new_floor_button_pressed", 0 0;
v0000020e656d1270_0 .var "prev_door", 0 0;
v0000020e656d1630_0 .var "prev_floor", 7 0;
v0000020e656d1d10_0 .var "rst", 0 0;
v0000020e656d1db0_0 .var "stop", 0 0;
v0000020e656d18b0_0 .var "upward", 0 0;
S_0000020e6563b150 .scope task, "call_elvtr" "call_elvtr" 2 305, 2 305 0, S_0000020e65643910;
 .timescale -9 -9;
v0000020e65675670_0 .var "call", 2 0;
v0000020e656755d0_0 .var "is_up", 0 0;
E_0000020e656785f0 .event posedge, v0000020e656753f0_0;
TD_controller_tb.call_elvtr ;
    %wait E_0000020e656785f0;
    %load/vec4 v0000020e65675670_0;
    %store/vec4 v0000020e656d1b30_0, 0, 3;
    %vpi_call 2 309 "$display", "CALLED FROM FLOOR = %d", v0000020e65675670_0 {0 0 0};
    %load/vec4 v0000020e656755d0_0;
    %flag_set/vec4 8;
    %jmp/0xz  T_0.0, 8;
    %pushi/vec4 1, 0, 1;
    %store/vec4 v0000020e656d18b0_0, 0, 1;
    %vpi_call 2 312 "$display", "Moving up" {0 0 0};
    %jmp T_0.1;
T_0.0 ;
    %pushi/vec4 1, 0, 1;
    %store/vec4 v0000020e656d14f0_0, 0, 1;
    %vpi_call 2 316 "$display", "Moving down" {0 0 0};
T_0.1 ;
    %pushi/vec4 2, 0, 32;
T_0.2 %dup/vec4;
    %pushi/vec4 0, 0, 32;
    %cmp/s;
    %jmp/1xz T_0.3, 5;
    %jmp/1 T_0.3, 4;
    %pushi/vec4 1, 0, 32;
    %sub;
    %wait E_0000020e656785f0;
    %jmp T_0.2;
T_0.3 ;
    %pop/vec4 1;
    %pushi/vec4 0, 0, 1;
    %store/vec4 v0000020e656d18b0_0, 0, 1;
    %pushi/vec4 0, 0, 1;
    %store/vec4 v0000020e656d14f0_0, 0, 1;
    %end;
S_0000020e656441b0 .scope module, "dut" "controller" 2 269, 2 2 0, S_0000020e65643910;
 .timescale -9 -9;
    .port_info 0 /INPUT 3 "floor_req";
    .port_info 1 /INPUT 3 "call_floor";
    .port_info 2 /INPUT 1 "new_floor_button_pressed";
    .port_info 3 /INPUT 1 "stop";
    .port_info 4 /INPUT 1 "clk";
    .port_info 5 /INPUT 1 "rst";
    .port_info 6 /INPUT 1 "upward";
    .port_info 7 /INPUT 1 "downward";
    .port_info 8 /OUTPUT 1 "door_status";
    .port_info 9 /OUTPUT 1 "moving_up";
    .port_info 10 /OUTPUT 1 "moving_down";
P_0000020e65644340 .param/l "COUNTER_BIT" 0 2 18, +C4<00000000000000000000000000000100>;
P_0000020e65644378 .param/l "GO_DOWN" 0 2 24, C4<10>;
P_0000020e656443b0 .param/l "GO_UP" 0 2 23, C4<01>;
P_0000020e656443e8 .param/l "IDLE" 0 2 22, C4<00>;
P_0000020e65644420 .param/l "MAX" 0 2 17, +C4<00000000000000000000000000000111>;
P_0000020e65644458 .param/l "OPEN_DOOR" 0 2 25, C4<11>;
P_0000020e65644490 .param/l "TARGET_BIT" 0 2 19, +C4<00000000000000000000000000000010>;
P_0000020e656444c8 .param/l "elevtr1" 0 2 27, C4<00>;
P_0000020e65644500 .param/l "elevtr2" 0 2 28, C4<01>;
P_0000020e65644538 .param/l "elevtr3" 0 2 29, C4<01>;
L_0000020e6563f990 .functor OR 8, v0000020e65675ad0_0, v0000020e65675cb0_0, C4<00000000>, C4<00000000>;
v0000020e65675030_0 .net *"_ivl_2", 31 0, L_0000020e656d1310;  1 drivers
L_0000020e65700088 .functor BUFT 1, C4<000000000000000000000000000>, C4<0>, C4<0>, C4<0>;
v0000020e65675df0_0 .net *"_ivl_5", 26 0, L_0000020e65700088;  1 drivers
L_0000020e657000d0 .functor BUFT 1, C4<00000000000000000000000000010100>, C4<0>, C4<0>, C4<0>;
v0000020e65675170_0 .net/2u *"_ivl_6", 31 0, L_0000020e657000d0;  1 drivers
v0000020e65675cb0_0 .var "cabin_request", 7 0;
v0000020e65675a30_0 .net "call_floor", 2 0, v0000020e656d1b30_0;  1 drivers
v0000020e65675ad0_0 .var "call_request", 7 0;
v0000020e656753f0_0 .net "clk", 0 0, v0000020e656d23f0_0;  1 drivers
v0000020e656750d0_0 .var "current_state", 1 0;
v0000020e65675e90_0 .var "door_status", 0 0;
v0000020e656757b0_0 .var "door_timing_counter", 4 0;
v0000020e65675210_0 .net "downward", 0 0, v0000020e656d14f0_0;  1 drivers
v0000020e656752b0_0 .var "floor_count", 2 0;
v0000020e65675850_0 .net "floor_req", 2 0, v0000020e656d1810_0;  1 drivers
v0000020e65675350_0 .var "found", 0 0;
v0000020e65675490_0 .var "has_request_above", 0 0;
v0000020e65675b70_0 .var "has_request_below", 0 0;
v0000020e65675990_0 .var/i "i", 31 0;
v0000020e65675c10_0 .var/i "j", 31 0;
v0000020e65675d50_0 .var "moving_down", 0 0;
v0000020e65675530_0 .var "moving_up", 0 0;
v0000020e656d13b0_0 .net "new_floor_button_pressed", 0 0, v0000020e656d1590_0;  1 drivers
v0000020e656d1450_0 .var "next_state", 1 0;
v0000020e656d1130_0 .var "next_target", 2 0;
v0000020e656d0af0_0 .net "request", 7 0, L_0000020e6563f990;  1 drivers
v0000020e656d11d0_0 .net "rst", 0 0, v0000020e656d1d10_0;  1 drivers
v0000020e656d0e10_0 .net "stop", 0 0, v0000020e656d1db0_0;  1 drivers
v0000020e656d1770_0 .var "target", 2 0;
v0000020e656d0a50_0 .net "timeout", 0 0, L_0000020e656d2490;  1 drivers
v0000020e656d19f0_0 .net "upward", 0 0, v0000020e656d18b0_0;  1 drivers
E_0000020e65679d70 .event posedge, v0000020e656d11d0_0, v0000020e656753f0_0;
E_0000020e65679870/0 .event anyedge, v0000020e656750d0_0, v0000020e656d0af0_0, v0000020e656d1130_0, v0000020e656752b0_0;
E_0000020e65679870/1 .event anyedge, v0000020e656d0e10_0, v0000020e656d0a50_0;
E_0000020e65679870 .event/or E_0000020e65679870/0, E_0000020e65679870/1;
E_0000020e656797f0/0 .event anyedge, v0000020e656752b0_0, v0000020e656d0af0_0, v0000020e65675530_0, v0000020e65675350_0;
E_0000020e656797f0/1 .event anyedge, v0000020e65675d50_0;
E_0000020e656797f0 .event/or E_0000020e656797f0/0, E_0000020e656797f0/1;
L_0000020e656d1310 .concat [ 5 27 0 0], v0000020e656757b0_0, L_0000020e65700088;
L_0000020e656d2490 .cmp/eq 32, L_0000020e656d1310, L_0000020e657000d0;
S_0000020e656d2970 .scope task, "emergency_stop" "emergency_stop" 2 346, 2 346 0, S_0000020e65643910;
 .timescale -9 -9;
TD_controller_tb.emergency_stop ;
    %wait E_0000020e656785f0;
    %pushi/vec4 1, 0, 1;
    %store/vec4 v0000020e656d1db0_0, 0, 1;
    %wait E_0000020e656785f0;
    %pushi/vec4 0, 0, 1;
    %store/vec4 v0000020e656d1db0_0, 0, 1;
    %vpi_call 2 352 "$display", "[%0t] Emergency STOP asserted and released", $time {0 0 0};
    %end;
S_0000020e656d2b00 .scope task, "press_button_inside" "press_button_inside" 2 327, 2 327 0, S_0000020e65643910;
 .timescale -9 -9;
v0000020e656d0d70_0 .var "floor", 2 0;
TD_controller_tb.press_button_inside ;
    %load/vec4 v0000020e656d0d70_0;
    %pad/u 32;
    %cmpi/u 7, 0, 32;
    %flag_or 5, 4; GT is !LE
    %flag_inv 5;
    %jmp/0xz  T_2.4, 5;
    %vpi_call 2 330 "$display", "ERROR: Invalid floor %0d", v0000020e656d0d70_0 {0 0 0};
    %disable S_0000020e656d2b00;
T_2.4 ;
    %wait E_0000020e656785f0;
    %load/vec4 v0000020e656d0d70_0;
    %store/vec4 v0000020e656d1810_0, 0, 3;
    %pushi/vec4 1, 0, 1;
    %store/vec4 v0000020e656d1590_0, 0, 1;
    %vpi_call 2 337 "$display", "BUTTON PRESSED FOR FLOOR = %d", v0000020e656d0d70_0 {0 0 0};
    %wait E_0000020e656785f0;
    %pushi/vec4 0, 0, 1;
    %store/vec4 v0000020e656d1590_0, 0, 1;
    %pushi/vec4 0, 0, 3;
    %store/vec4 v0000020e656d1810_0, 0, 3;
    %end;
S_0000020e656d2c90 .scope task, "reset_dut" "reset_dut" 2 288, 2 288 0, S_0000020e65643910;
 .timescale -9 -9;
TD_controller_tb.reset_dut ;
    %pushi/vec4 1, 0, 1;
    %store/vec4 v0000020e656d1d10_0, 0, 1;
    %pushi/vec4 0, 0, 3;
    %store/vec4 v0000020e656d1810_0, 0, 3;
    %pushi/vec4 0, 0, 3;
    %store/vec4 v0000020e656d1b30_0, 0, 3;
    %pushi/vec4 0, 0, 1;
    %store/vec4 v0000020e656d18b0_0, 0, 1;
    %pushi/vec4 0, 0, 1;
    %store/vec4 v0000020e656d14f0_0, 0, 1;
    %pushi/vec4 0, 0, 1;
    %store/vec4 v0000020e656d1590_0, 0, 1;
    %pushi/vec4 0, 0, 1;
    %store/vec4 v0000020e656d1db0_0, 0, 1;
    %pushi/vec4 5, 0, 32;
T_3.6 %dup/vec4;
    %pushi/vec4 0, 0, 32;
    %cmp/s;
    %jmp/1xz T_3.7, 5;
    %jmp/1 T_3.7, 4;
    %pushi/vec4 1, 0, 32;
    %sub;
    %wait E_0000020e656785f0;
    %jmp T_3.6;
T_3.7 ;
    %pop/vec4 1;
    %pushi/vec4 0, 0, 1;
    %store/vec4 v0000020e656d1d10_0, 0, 1;
    %pushi/vec4 5, 0, 32;
T_3.8 %dup/vec4;
    %pushi/vec4 0, 0, 32;
    %cmp/s;
    %jmp/1xz T_3.9, 5;
    %jmp/1 T_3.9, 4;
    %pushi/vec4 1, 0, 32;
    %sub;
    %wait E_0000020e656785f0;
    %jmp T_3.8;
T_3.9 ;
    %pop/vec4 1;
    %end;
    .scope S_0000020e656441b0;
T_4 ;
    %wait E_0000020e65679d70;
    %load/vec4 v0000020e656d11d0_0;
    %flag_set/vec4 8;
    %jmp/0xz  T_4.0, 8;
    %pushi/vec4 0, 0, 8;
    %assign/vec4 v0000020e65675ad0_0, 0;
    %pushi/vec4 0, 0, 8;
    %assign/vec4 v0000020e65675cb0_0, 0;
    %jmp T_4.1;
T_4.0 ;
    %load/vec4 v0000020e656d19f0_0;
    %flag_set/vec4 8;
    %jmp/1 T_4.4, 8;
    %load/vec4 v0000020e65675210_0;
    %flag_set/vec4 9;
    %flag_or 8, 9;
T_4.4;
    %jmp/0xz  T_4.2, 8;
    %pushi/vec4 1, 0, 1;
    %ix/load 5, 0, 0;
    %ix/getv 4, v0000020e65675a30_0;
    %assign/vec4/off/d v0000020e65675ad0_0, 4, 5;
T_4.2 ;
    %load/vec4 v0000020e656d13b0_0;
    %flag_set/vec4 8;
    %jmp/0xz  T_4.5, 8;
    %pushi/vec4 1, 0, 1;
    %ix/load 5, 0, 0;
    %ix/getv 4, v0000020e65675850_0;
    %assign/vec4/off/d v0000020e65675cb0_0, 4, 5;
T_4.5 ;
    %load/vec4 v0000020e656750d0_0;
    %cmpi/e 3, 0, 2;
    %flag_get/vec4 4;
    %jmp/0 T_4.9, 4;
    %load/vec4 v0000020e656d0a50_0;
    %and;
T_4.9;
    %flag_set/vec4 8;
    %jmp/0xz  T_4.7, 8;
    %pushi/vec4 0, 0, 1;
    %ix/load 5, 0, 0;
    %ix/getv 4, v0000020e656752b0_0;
    %assign/vec4/off/d v0000020e65675cb0_0, 4, 5;
    %pushi/vec4 0, 0, 1;
    %ix/load 5, 0, 0;
    %ix/getv 4, v0000020e656752b0_0;
    %assign/vec4/off/d v0000020e65675ad0_0, 4, 5;
T_4.7 ;
T_4.1 ;
    %jmp T_4;
    .thread T_4;
    .scope S_0000020e656441b0;
T_5 ;
    %wait E_0000020e656797f0;
    %pushi/vec4 0, 0, 3;
    %store/vec4 v0000020e656d1770_0, 0, 3;
    %pushi/vec4 0, 0, 1;
    %store/vec4 v0000020e65675350_0, 0, 1;
    %load/vec4 v0000020e656d0af0_0;
    %load/vec4 v0000020e656752b0_0;
    %part/u 1;
    %flag_set/vec4 8;
    %jmp/0xz  T_5.0, 8;
    %load/vec4 v0000020e656752b0_0;
    %store/vec4 v0000020e656d1770_0, 0, 3;
    %pushi/vec4 1, 0, 1;
    %store/vec4 v0000020e65675350_0, 0, 1;
    %jmp T_5.1;
T_5.0 ;
    %load/vec4 v0000020e65675530_0;
    %flag_set/vec4 8;
    %jmp/0xz  T_5.2, 8;
    %load/vec4 v0000020e656752b0_0;
    %pad/u 32;
    %addi 1, 0, 32;
    %store/vec4 v0000020e65675990_0, 0, 32;
T_5.4 ;
    %load/vec4 v0000020e65675990_0;
    %cmpi/s 7, 0, 32;
    %flag_or 5, 4;
    %jmp/0xz T_5.5, 5;
    %load/vec4 v0000020e656d0af0_0;
    %load/vec4 v0000020e65675990_0;
    %part/s 1;
    %flag_set/vec4 9;
    %flag_get/vec4 9;
    %jmp/0 T_5.8, 9;
    %load/vec4 v0000020e65675350_0;
    %nor/r;
    %and;
T_5.8;
    %flag_set/vec4 8;
    %jmp/0xz  T_5.6, 8;
    %load/vec4 v0000020e65675990_0;
    %pad/s 3;
    %store/vec4 v0000020e656d1770_0, 0, 3;
    %pushi/vec4 1, 0, 1;
    %store/vec4 v0000020e65675350_0, 0, 1;
T_5.6 ;
    %load/vec4 v0000020e65675990_0;
    %addi 1, 0, 32;
    %store/vec4 v0000020e65675990_0, 0, 32;
    %jmp T_5.4;
T_5.5 ;
    %jmp T_5.3;
T_5.2 ;
    %load/vec4 v0000020e65675d50_0;
    %flag_set/vec4 8;
    %jmp/0xz  T_5.9, 8;
    %load/vec4 v0000020e656752b0_0;
    %pad/u 32;
    %subi 1, 0, 32;
    %store/vec4 v0000020e65675990_0, 0, 32;
T_5.11 ;
    %load/vec4 v0000020e65675990_0;
    %cmpi/s 0, 0, 32;
    %flag_inv 5; GE is !LT
    %jmp/0xz T_5.12, 5;
    %load/vec4 v0000020e656d0af0_0;
    %load/vec4 v0000020e65675990_0;
    %part/s 1;
    %flag_set/vec4 9;
    %flag_get/vec4 9;
    %jmp/0 T_5.15, 9;
    %load/vec4 v0000020e65675350_0;
    %nor/r;
    %and;
T_5.15;
    %flag_set/vec4 8;
    %jmp/0xz  T_5.13, 8;
    %load/vec4 v0000020e65675990_0;
    %pad/s 3;
    %store/vec4 v0000020e656d1770_0, 0, 3;
    %pushi/vec4 1, 0, 1;
    %store/vec4 v0000020e65675350_0, 0, 1;
T_5.13 ;
    %load/vec4 v0000020e65675990_0;
    %subi 1, 0, 32;
    %store/vec4 v0000020e65675990_0, 0, 32;
    %jmp T_5.11;
T_5.12 ;
    %jmp T_5.10;
T_5.9 ;
    %pushi/vec4 0, 0, 32;
    %store/vec4 v0000020e65675990_0, 0, 32;
T_5.16 ;
    %load/vec4 v0000020e65675990_0;
    %cmpi/s 8, 0, 32;
    %jmp/0xz T_5.17, 5;
    %load/vec4 v0000020e656d0af0_0;
    %load/vec4 v0000020e65675990_0;
    %part/s 1;
    %flag_set/vec4 9;
    %flag_get/vec4 9;
    %jmp/0 T_5.20, 9;
    %load/vec4 v0000020e65675350_0;
    %nor/r;
    %and;
T_5.20;
    %flag_set/vec4 8;
    %jmp/0xz  T_5.18, 8;
    %load/vec4 v0000020e65675990_0;
    %pad/s 3;
    %store/vec4 v0000020e656d1770_0, 0, 3;
    %pushi/vec4 1, 0, 1;
    %store/vec4 v0000020e65675350_0, 0, 1;
T_5.18 ;
    %load/vec4 v0000020e65675990_0;
    %addi 1, 0, 32;
    %store/vec4 v0000020e65675990_0, 0, 32;
    %jmp T_5.16;
T_5.17 ;
T_5.10 ;
T_5.3 ;
T_5.1 ;
    %jmp T_5;
    .thread T_5, $push;
    .scope S_0000020e656441b0;
T_6 ;
    %wait E_0000020e65679d70;
    %load/vec4 v0000020e656d11d0_0;
    %flag_set/vec4 8;
    %jmp/0xz  T_6.0, 8;
    %pushi/vec4 0, 0, 3;
    %assign/vec4 v0000020e656d1130_0, 0;
    %jmp T_6.1;
T_6.0 ;
    %load/vec4 v0000020e656d1770_0;
    %assign/vec4 v0000020e656d1130_0, 0;
T_6.1 ;
    %jmp T_6;
    .thread T_6;
    .scope S_0000020e656441b0;
T_7 ;
    %wait E_0000020e65679870;
    %load/vec4 v0000020e656750d0_0;
    %store/vec4 v0000020e656d1450_0, 0, 2;
    %load/vec4 v0000020e656750d0_0;
    %dup/vec4;
    %pushi/vec4 0, 0, 2;
    %cmp/u;
    %jmp/1 T_7.0, 6;
    %dup/vec4;
    %pushi/vec4 1, 0, 2;
    %cmp/u;
    %jmp/1 T_7.1, 6;
    %dup/vec4;
    %pushi/vec4 2, 0, 2;
    %cmp/u;
    %jmp/1 T_7.2, 6;
    %dup/vec4;
    %pushi/vec4 3, 0, 2;
    %cmp/u;
    %jmp/1 T_7.3, 6;
    %pushi/vec4 0, 0, 2;
    %store/vec4 v0000020e656d1450_0, 0, 2;
    %jmp T_7.5;
T_7.0 ;
    %load/vec4 v0000020e656d0af0_0;
    %or/r;
    %flag_set/vec4 8;
    %jmp/0xz  T_7.6, 8;
    %load/vec4 v0000020e656752b0_0;
    %load/vec4 v0000020e656d1130_0;
    %cmp/u;
    %jmp/0xz  T_7.8, 5;
    %pushi/vec4 1, 0, 2;
    %store/vec4 v0000020e656d1450_0, 0, 2;
    %jmp T_7.9;
T_7.8 ;
    %load/vec4 v0000020e656d1130_0;
    %load/vec4 v0000020e656752b0_0;
    %cmp/u;
    %jmp/0xz  T_7.10, 5;
    %pushi/vec4 2, 0, 2;
    %store/vec4 v0000020e656d1450_0, 0, 2;
    %jmp T_7.11;
T_7.10 ;
    %pushi/vec4 0, 0, 2;
    %store/vec4 v0000020e656d1450_0, 0, 2;
T_7.11 ;
T_7.9 ;
T_7.6 ;
    %jmp T_7.5;
T_7.1 ;
    %load/vec4 v0000020e656d0e10_0;
    %flag_set/vec4 8;
    %jmp/1 T_7.14, 8;
    %load/vec4 v0000020e656d1130_0;
    %load/vec4 v0000020e656752b0_0;
    %cmp/e;
    %flag_or 8, 4;
T_7.14;
    %jmp/0xz  T_7.12, 8;
    %pushi/vec4 3, 0, 2;
    %store/vec4 v0000020e656d1450_0, 0, 2;
    %jmp T_7.13;
T_7.12 ;
    %load/vec4 v0000020e656750d0_0;
    %store/vec4 v0000020e656d1450_0, 0, 2;
T_7.13 ;
    %jmp T_7.5;
T_7.2 ;
    %load/vec4 v0000020e656d0e10_0;
    %flag_set/vec4 8;
    %jmp/1 T_7.17, 8;
    %load/vec4 v0000020e656d1130_0;
    %load/vec4 v0000020e656752b0_0;
    %cmp/e;
    %flag_or 8, 4;
T_7.17;
    %jmp/0xz  T_7.15, 8;
    %pushi/vec4 3, 0, 2;
    %store/vec4 v0000020e656d1450_0, 0, 2;
    %jmp T_7.16;
T_7.15 ;
    %load/vec4 v0000020e656750d0_0;
    %store/vec4 v0000020e656d1450_0, 0, 2;
T_7.16 ;
    %jmp T_7.5;
T_7.3 ;
    %load/vec4 v0000020e656d0a50_0;
    %flag_set/vec4 8;
    %jmp/0xz  T_7.18, 8;
    %pushi/vec4 0, 0, 2;
    %store/vec4 v0000020e656d1450_0, 0, 2;
T_7.18 ;
    %jmp T_7.5;
T_7.5 ;
    %pop/vec4 1;
    %jmp T_7;
    .thread T_7, $push;
    .scope S_0000020e656441b0;
T_8 ;
    %wait E_0000020e65679d70;
    %load/vec4 v0000020e656d11d0_0;
    %flag_set/vec4 8;
    %jmp/0xz  T_8.0, 8;
    %pushi/vec4 1, 0, 1;
    %assign/vec4 v0000020e65675530_0, 0;
    %pushi/vec4 0, 0, 1;
    %assign/vec4 v0000020e65675d50_0, 0;
    %jmp T_8.1;
T_8.0 ;
    %pushi/vec4 0, 0, 1;
    %store/vec4 v0000020e65675490_0, 0, 1;
    %pushi/vec4 0, 0, 1;
    %store/vec4 v0000020e65675b70_0, 0, 1;
    %load/vec4 v0000020e656752b0_0;
    %pad/u 32;
    %addi 1, 0, 32;
    %store/vec4 v0000020e65675c10_0, 0, 32;
T_8.2 ;
    %load/vec4 v0000020e65675c10_0;
    %cmpi/s 7, 0, 32;
    %flag_or 5, 4;
    %jmp/0xz T_8.3, 5;
    %load/vec4 v0000020e656d0af0_0;
    %load/vec4 v0000020e65675c10_0;
    %part/s 1;
    %flag_set/vec4 8;
    %jmp/0xz  T_8.4, 8;
    %pushi/vec4 1, 0, 1;
    %store/vec4 v0000020e65675490_0, 0, 1;
T_8.4 ;
    %load/vec4 v0000020e65675c10_0;
    %addi 1, 0, 32;
    %store/vec4 v0000020e65675c10_0, 0, 32;
    %jmp T_8.2;
T_8.3 ;
    %pushi/vec4 0, 0, 32;
    %store/vec4 v0000020e65675c10_0, 0, 32;
T_8.6 ;
    %load/vec4 v0000020e65675c10_0;
    %load/vec4 v0000020e656752b0_0;
    %pad/u 32;
    %cmp/u;
    %jmp/0xz T_8.7, 5;
    %load/vec4 v0000020e656d0af0_0;
    %load/vec4 v0000020e65675c10_0;
    %part/s 1;
    %flag_set/vec4 8;
    %jmp/0xz  T_8.8, 8;
    %pushi/vec4 1, 0, 1;
    %store/vec4 v0000020e65675b70_0, 0, 1;
T_8.8 ;
    %load/vec4 v0000020e65675c10_0;
    %addi 1, 0, 32;
    %store/vec4 v0000020e65675c10_0, 0, 32;
    %jmp T_8.6;
T_8.7 ;
    %load/vec4 v0000020e656750d0_0;
    %cmpi/e 0, 0, 2;
    %jmp/0xz  T_8.10, 4;
    %load/vec4 v0000020e65675490_0;
    %flag_set/vec4 8;
    %jmp/0xz  T_8.12, 8;
    %pushi/vec4 1, 0, 1;
    %assign/vec4 v0000020e65675530_0, 0;
    %pushi/vec4 0, 0, 1;
    %assign/vec4 v0000020e65675d50_0, 0;
    %jmp T_8.13;
T_8.12 ;
    %load/vec4 v0000020e65675b70_0;
    %flag_set/vec4 8;
    %jmp/0xz  T_8.14, 8;
    %pushi/vec4 1, 0, 1;
    %assign/vec4 v0000020e65675d50_0, 0;
    %pushi/vec4 0, 0, 1;
    %assign/vec4 v0000020e65675530_0, 0;
T_8.14 ;
T_8.13 ;
T_8.10 ;
T_8.1 ;
    %jmp T_8;
    .thread T_8;
    .scope S_0000020e656441b0;
T_9 ;
    %wait E_0000020e65679d70;
    %load/vec4 v0000020e656d11d0_0;
    %flag_set/vec4 8;
    %jmp/0xz  T_9.0, 8;
    %pushi/vec4 0, 0, 2;
    %assign/vec4 v0000020e656750d0_0, 0;
    %jmp T_9.1;
T_9.0 ;
    %load/vec4 v0000020e656d1450_0;
    %assign/vec4 v0000020e656750d0_0, 0;
T_9.1 ;
    %jmp T_9;
    .thread T_9;
    .scope S_0000020e656441b0;
T_10 ;
    %wait E_0000020e65679d70;
    %load/vec4 v0000020e656d11d0_0;
    %flag_set/vec4 8;
    %jmp/0xz  T_10.0, 8;
    %pushi/vec4 0, 0, 3;
    %assign/vec4 v0000020e656752b0_0, 0;
    %jmp T_10.1;
T_10.0 ;
    %load/vec4 v0000020e656750d0_0;
    %cmpi/e 1, 0, 2;
    %jmp/0xz  T_10.2, 4;
    %load/vec4 v0000020e656752b0_0;
    %load/vec4 v0000020e656d1130_0;
    %cmp/u;
    %flag_get/vec4 5;
    %jmp/0 T_10.6, 5;
    %load/vec4 v0000020e656752b0_0;
    %pad/u 32;
    %cmpi/u 7, 0, 32;
    %flag_get/vec4 5;
    %and;
T_10.6;
    %flag_set/vec4 8;
    %jmp/0xz  T_10.4, 8;
    %load/vec4 v0000020e656752b0_0;
    %addi 1, 0, 3;
    %assign/vec4 v0000020e656752b0_0, 0;
T_10.4 ;
    %jmp T_10.3;
T_10.2 ;
    %load/vec4 v0000020e656750d0_0;
    %cmpi/e 2, 0, 2;
    %jmp/0xz  T_10.7, 4;
    %load/vec4 v0000020e656d1130_0;
    %load/vec4 v0000020e656752b0_0;
    %cmp/u;
    %flag_get/vec4 5;
    %jmp/0 T_10.11, 5;
    %pushi/vec4 0, 0, 32;
    %load/vec4 v0000020e656752b0_0;
    %pad/u 32;
    %cmp/u;
    %flag_get/vec4 5;
    %and;
T_10.11;
    %flag_set/vec4 8;
    %jmp/0xz  T_10.9, 8;
    %load/vec4 v0000020e656752b0_0;
    %subi 1, 0, 3;
    %assign/vec4 v0000020e656752b0_0, 0;
T_10.9 ;
T_10.7 ;
T_10.3 ;
T_10.1 ;
    %jmp T_10;
    .thread T_10;
    .scope S_0000020e656441b0;
T_11 ;
    %wait E_0000020e65679d70;
    %load/vec4 v0000020e656d11d0_0;
    %flag_set/vec4 8;
    %jmp/0xz  T_11.0, 8;
    %pushi/vec4 0, 0, 5;
    %assign/vec4 v0000020e656757b0_0, 0;
    %jmp T_11.1;
T_11.0 ;
    %load/vec4 v0000020e656750d0_0;
    %cmpi/e 3, 0, 2;
    %jmp/0xz  T_11.2, 4;
    %load/vec4 v0000020e656757b0_0;
    %pad/u 32;
    %cmpi/u 25, 0, 32;
    %jmp/0xz  T_11.4, 5;
    %load/vec4 v0000020e656757b0_0;
    %addi 1, 0, 5;
    %assign/vec4 v0000020e656757b0_0, 0;
T_11.4 ;
    %jmp T_11.3;
T_11.2 ;
    %pushi/vec4 0, 0, 5;
    %assign/vec4 v0000020e656757b0_0, 0;
T_11.3 ;
T_11.1 ;
    %jmp T_11;
    .thread T_11;
    .scope S_0000020e656441b0;
T_12 ;
    %wait E_0000020e65679d70;
    %load/vec4 v0000020e656d11d0_0;
    %flag_set/vec4 8;
    %jmp/0xz  T_12.0, 8;
    %pushi/vec4 0, 0, 1;
    %assign/vec4 v0000020e65675e90_0, 0;
    %jmp T_12.1;
T_12.0 ;
    %load/vec4 v0000020e656750d0_0;
    %cmpi/e 3, 0, 2;
    %flag_get/vec4 4;
    %jmp/0 T_12.4, 4;
    %load/vec4 v0000020e656d0a50_0;
    %nor/r;
    %and;
T_12.4;
    %flag_set/vec4 8;
    %jmp/0xz  T_12.2, 8;
    %pushi/vec4 1, 0, 1;
    %assign/vec4 v0000020e65675e90_0, 0;
    %jmp T_12.3;
T_12.2 ;
    %pushi/vec4 0, 0, 1;
    %assign/vec4 v0000020e65675e90_0, 0;
T_12.3 ;
T_12.1 ;
    %jmp T_12;
    .thread T_12;
    .scope S_0000020e65643910;
T_13 ;
    %pushi/vec4 0, 0, 8;
    %store/vec4 v0000020e656d1630_0, 0, 8;
    %pushi/vec4 0, 0, 1;
    %store/vec4 v0000020e656d1270_0, 0, 1;
    %end;
    .thread T_13;
    .scope S_0000020e65643910;
T_14 ;
    %pushi/vec4 0, 0, 1;
    %store/vec4 v0000020e656d23f0_0, 0, 1;
    %end;
    .thread T_14;
    .scope S_0000020e65643910;
T_15 ;
    %delay 5, 0;
    %load/vec4 v0000020e656d23f0_0;
    %inv;
    %store/vec4 v0000020e656d23f0_0, 0, 1;
    %jmp T_15;
    .thread T_15;
    .scope S_0000020e65643910;
T_16 ;
    %wait E_0000020e656785f0;
    %load/vec4 v0000020e656752b0_0;
    %pad/u 8;
    %load/vec4 v0000020e656d1630_0;
    %cmp/ne;
    %jmp/1 T_16.2, 4;
    %flag_mov 8, 4;
    %load/vec4 v0000020e656d2030_0;
    %load/vec4 v0000020e656d1270_0;
    %cmp/ne;
    %flag_or 4, 8;
T_16.2;
    %jmp/0xz  T_16.0, 4;
    %vpi_call 2 363 "$display", "[%0t] Door Open - %0d | Floor: %0d", $time, v0000020e656d2030_0, v0000020e656752b0_0 {0 0 0};
    %load/vec4 v0000020e656752b0_0;
    %pad/u 8;
    %assign/vec4 v0000020e656d1630_0, 0;
    %load/vec4 v0000020e656d2030_0;
    %assign/vec4 v0000020e656d1270_0, 0;
T_16.0 ;
    %jmp T_16;
    .thread T_16;
    .scope S_0000020e65643910;
T_17 ;
    %vpi_call 2 377 "$dumpfile", "controller.vcd" {0 0 0};
    %vpi_call 2 378 "$dumpvars", 32'sb00000000000000000000000000000000, S_0000020e65643910 {0 0 0};
    %fork TD_controller_tb.reset_dut, S_0000020e656d2c90;
    %join;
    %pushi/vec4 80, 0, 32;
T_17.0 %dup/vec4;
    %pushi/vec4 0, 0, 32;
    %cmp/s;
    %jmp/1xz T_17.1, 5;
    %jmp/1 T_17.1, 4;
    %pushi/vec4 1, 0, 32;
    %sub;
    %vpi_func 2 384 "$random" 32 {0 0 0};
    %pushi/vec4 5, 0, 32;
    %mod/s;
    %cmpi/e 0, 0, 32;
    %jmp/0xz  T_17.2, 4;
    %fork TD_controller_tb.emergency_stop, S_0000020e656d2970;
    %join;
    %jmp T_17.3;
T_17.2 ;
    %vpi_func 2 387 "$random" 32 {0 0 0};
    %pushi/vec4 3, 0, 32;
    %mod/s;
    %cmpi/e 0, 0, 32;
    %jmp/0xz  T_17.4, 4;
    %vpi_func 2 388 "$urandom_range" 32, 32'sb00000000000000000000000000000000, P_0000020e65673f58 {0 0 0};
    %store/vec4 v0000020e656d16d0_0, 0, 32;
    %load/vec4 v0000020e656d16d0_0;
    %pad/s 3;
    %store/vec4 v0000020e65675670_0, 0, 3;
    %vpi_func 2 389 "$random" 32 {0 0 0};
    %pushi/vec4 2, 0, 32;
    %mod/s;
    %pad/s 1;
    %store/vec4 v0000020e656755d0_0, 0, 1;
    %fork TD_controller_tb.call_elvtr, S_0000020e6563b150;
    %join;
    %jmp T_17.5;
T_17.4 ;
    %vpi_func 2 393 "$urandom_range" 32, 32'sb00000000000000000000000000000000, P_0000020e65673f58 {0 0 0};
    %store/vec4 v0000020e656d25d0_0, 0, 32;
    %load/vec4 v0000020e656d25d0_0;
    %pad/s 3;
    %store/vec4 v0000020e656d0d70_0, 0, 3;
    %fork TD_controller_tb.press_button_inside, S_0000020e656d2b00;
    %join;
T_17.5 ;
T_17.3 ;
    %vpi_func 2 399 "$urandom_range" 32, 32'sb00000000000000000000000000000101, 32'sb00000000000000000000000000011001 {0 0 0};
T_17.6 %dup/vec4;
    %pushi/vec4 0, 0, 32;
    %cmp/u;
    %jmp/1 T_17.7, 4;
    %pushi/vec4 1, 0, 32;
    %sub;
    %wait E_0000020e656785f0;
    %jmp T_17.6;
T_17.7 ;
    %pop/vec4 1;
    %jmp T_17.0;
T_17.1 ;
    %pop/vec4 1;
    %pushi/vec4 100, 0, 32;
T_17.8 %dup/vec4;
    %pushi/vec4 0, 0, 32;
    %cmp/s;
    %jmp/1xz T_17.9, 5;
    %jmp/1 T_17.9, 4;
    %pushi/vec4 1, 0, 32;
    %sub;
    %wait E_0000020e656785f0;
    %jmp T_17.8;
T_17.9 ;
    %pop/vec4 1;
    %vpi_call 2 404 "$finish" {0 0 0};
    %end;
    .thread T_17;
# The file index is used to find the file name in the following table.
:file_names 3;
    "N/A";
    "<interactive>";
    "Elevator_controller.v";
