#! /c/Source/iverilog-install/bin/vvp
:ivl_version "12.0 (devel)" "(s20150603-1539-g2693dd32b)";
:ivl_delay_selection "TYPICAL";
:vpi_time_precision - 9;
:vpi_module "E:\Edu_software\verilog\iverilog\lib\ivl\system.vpi";
:vpi_module "E:\Edu_software\verilog\iverilog\lib\ivl\vhdl_sys.vpi";
:vpi_module "E:\Edu_software\verilog\iverilog\lib\ivl\vhdl_textio.vpi";
:vpi_module "E:\Edu_software\verilog\iverilog\lib\ivl\v2005_math.vpi";
:vpi_module "E:\Edu_software\verilog\iverilog\lib\ivl\va_math.vpi";
S_000001ba786d29c0 .scope module, "fsm_controller" "fsm_controller" 2 2;
 .timescale -9 -9;
    .port_info 0 /INPUT 1 "new_floor_button_pressed";
    .port_info 1 /INPUT 3 "floor_req";
    .port_info 2 /INPUT 1 "call_button_pressed";
    .port_info 3 /INPUT 3 "call_floor";
    .port_info 4 /INPUT 1 "stop";
    .port_info 5 /INPUT 1 "clk";
    .port_info 6 /INPUT 1 "rst";
    .port_info 7 /INPUT 1 "upward";
    .port_info 8 /INPUT 1 "downward";
    .port_info 9 /INPUT 1 "assign_valid";
    .port_info 10 /OUTPUT 1 "door_status";
    .port_info 11 /OUTPUT 1 "moving_up";
    .port_info 12 /OUTPUT 3 "floor_count";
    .port_info 13 /OUTPUT 3 "current_floor";
    .port_info 14 /OUTPUT 2 "direction";
    .port_info 15 /OUTPUT 1 "moving_down";
P_000001ba786d2b50 .param/l "GO_DOWN" 0 2 28, C4<10>;
P_000001ba786d2b88 .param/l "GO_UP" 0 2 27, C4<01>;
P_000001ba786d2bc0 .param/l "IDLE" 0 2 26, C4<00>;
P_000001ba786d2bf8 .param/l "MAX_FLOOR" 0 2 22, +C4<00000000000000000000000000000111>;
P_000001ba786d2c30 .param/l "OPEN_DOOR" 0 2 29, C4<11>;
P_000001ba786d2c68 .param/l "TIMEOUT_AT" 0 2 23, +C4<00000000000000000000000000010100>;
L_000001ba78715a40 .functor OR 8, v000001ba78704000_0, v000001ba78704500_0, C4<00000000>, C4<00000000>;
L_000001ba78715b20 .functor BUFZ 3, v000001ba78704640_0, C4<000>, C4<000>, C4<000>;
v000001ba78703e20_0 .net *"_ivl_4", 31 0, L_000001ba7877dfd0;  1 drivers
L_000001ba787c0088 .functor BUFT 1, C4<000000000000000000000000000>, C4<0>, C4<0>, C4<0>;
v000001ba78703d80_0 .net *"_ivl_7", 26 0, L_000001ba787c0088;  1 drivers
L_000001ba787c00d0 .functor BUFT 1, C4<00000000000000000000000000010100>, C4<0>, C4<0>, C4<0>;
v000001ba78704140_0 .net/2u *"_ivl_8", 31 0, L_000001ba787c00d0;  1 drivers
o000001ba78729848 .functor BUFZ 1, C4<z>; HiZ drive
v000001ba78703ec0_0 .net "assign_valid", 0 0, o000001ba78729848;  0 drivers
v000001ba78704500_0 .var "cabin_request", 7 0;
o000001ba787298a8 .functor BUFZ 1, C4<z>; HiZ drive
v000001ba787040a0_0 .net "call_button_pressed", 0 0, o000001ba787298a8;  0 drivers
o000001ba787298d8 .functor BUFZ 3, C4<zzz>; HiZ drive
v000001ba78703f60_0 .net "call_floor", 2 0, o000001ba787298d8;  0 drivers
v000001ba78704000_0 .var "call_request", 7 0;
o000001ba78729938 .functor BUFZ 1, C4<z>; HiZ drive
v000001ba787037e0_0 .net "clk", 0 0, o000001ba78729938;  0 drivers
v000001ba78703920_0 .net "current_floor", 2 0, L_000001ba78715b20;  1 drivers
v000001ba787039c0_0 .var "current_state", 1 0;
v000001ba78704460_0 .var "direction", 1 0;
v000001ba78703a60_0 .var "door_status", 0 0;
v000001ba787046e0_0 .var "door_timing_counter", 4 0;
o000001ba78729a58 .functor BUFZ 1, C4<z>; HiZ drive
v000001ba78703b00_0 .net "downward", 0 0, o000001ba78729a58;  0 drivers
v000001ba78704640_0 .var "floor_count", 2 0;
o000001ba78729ab8 .functor BUFZ 3, C4<zzz>; HiZ drive
v000001ba78703c40_0 .net "floor_req", 2 0, o000001ba78729ab8;  0 drivers
v000001ba78703880_0 .var "found", 0 0;
v000001ba787041e0_0 .var "has_request_above", 0 0;
v000001ba78703ba0_0 .var "has_request_below", 0 0;
v000001ba78704280_0 .var/i "i", 31 0;
v000001ba78704320_0 .var/i "j", 31 0;
v000001ba787043c0_0 .var "moving_down", 0 0;
v000001ba7877d170_0 .var "moving_up", 0 0;
o000001ba78729c38 .functor BUFZ 1, C4<z>; HiZ drive
v000001ba7877d490_0 .net "new_floor_button_pressed", 0 0, o000001ba78729c38;  0 drivers
v000001ba7877d0d0_0 .var "next_state", 1 0;
v000001ba7877c590_0 .var "next_target", 2 0;
v000001ba7877c8b0_0 .net "request", 7 0, L_000001ba78715a40;  1 drivers
o000001ba78729cf8 .functor BUFZ 1, C4<z>; HiZ drive
v000001ba7877d210_0 .net "rst", 0 0, o000001ba78729cf8;  0 drivers
o000001ba78729d28 .functor BUFZ 1, C4<z>; HiZ drive
v000001ba7877dd50_0 .net "stop", 0 0, o000001ba78729d28;  0 drivers
v000001ba7877c810_0 .var "target", 2 0;
v000001ba7877c4f0_0 .net "timeout", 0 0, L_000001ba7877d5d0;  1 drivers
o000001ba78729db8 .functor BUFZ 1, C4<z>; HiZ drive
v000001ba7877c630_0 .net "upward", 0 0, o000001ba78729db8;  0 drivers
E_000001ba78702560 .event posedge, v000001ba7877d210_0, v000001ba787037e0_0;
E_000001ba787025e0/0 .event anyedge, v000001ba787039c0_0, v000001ba7877c8b0_0, v000001ba7877c590_0, v000001ba78704640_0;
E_000001ba787025e0/1 .event anyedge, v000001ba7877dd50_0, v000001ba7877c4f0_0;
E_000001ba787025e0 .event/or E_000001ba787025e0/0, E_000001ba787025e0/1;
E_000001ba78701c20/0 .event anyedge, v000001ba78704640_0, v000001ba7877c8b0_0, v000001ba7877d170_0, v000001ba78703880_0;
E_000001ba78701c20/1 .event anyedge, v000001ba787043c0_0;
E_000001ba78701c20 .event/or E_000001ba78701c20/0, E_000001ba78701c20/1;
E_000001ba78702020 .event anyedge, v000001ba7877d170_0, v000001ba787043c0_0;
L_000001ba7877dfd0 .concat [ 5 27 0 0], v000001ba787046e0_0, L_000001ba787c0088;
L_000001ba7877d5d0 .cmp/eq 32, L_000001ba7877dfd0, L_000001ba787c00d0;
    .scope S_000001ba786d29c0;
T_0 ;
    %wait E_000001ba78702020;
    %load/vec4 v000001ba7877d170_0;
    %flag_set/vec4 8;
    %jmp/0xz  T_0.0, 8;
    %pushi/vec4 1, 0, 2;
    %store/vec4 v000001ba78704460_0, 0, 2;
    %jmp T_0.1;
T_0.0 ;
    %load/vec4 v000001ba787043c0_0;
    %flag_set/vec4 8;
    %jmp/0xz  T_0.2, 8;
    %pushi/vec4 2, 0, 2;
    %store/vec4 v000001ba78704460_0, 0, 2;
    %jmp T_0.3;
T_0.2 ;
    %pushi/vec4 0, 0, 2;
    %store/vec4 v000001ba78704460_0, 0, 2;
T_0.3 ;
T_0.1 ;
    %jmp T_0;
    .thread T_0, $push;
    .scope S_000001ba786d29c0;
T_1 ;
    %wait E_000001ba78702560;
    %load/vec4 v000001ba7877d210_0;
    %flag_set/vec4 8;
    %jmp/0xz  T_1.0, 8;
    %pushi/vec4 0, 0, 8;
    %assign/vec4 v000001ba78704000_0, 0;
    %pushi/vec4 0, 0, 8;
    %assign/vec4 v000001ba78704500_0, 0;
    %jmp T_1.1;
T_1.0 ;
    %load/vec4 v000001ba78703ec0_0;
    %flag_set/vec4 8;
    %jmp/0xz  T_1.2, 8;
    %pushi/vec4 1, 0, 1;
    %ix/load 5, 0, 0;
    %ix/getv 4, v000001ba78703f60_0;
    %assign/vec4/off/d v000001ba78704000_0, 4, 5;
T_1.2 ;
    %load/vec4 v000001ba7877d490_0;
    %flag_set/vec4 8;
    %jmp/0xz  T_1.4, 8;
    %pushi/vec4 1, 0, 1;
    %ix/load 5, 0, 0;
    %ix/getv 4, v000001ba78703c40_0;
    %assign/vec4/off/d v000001ba78704500_0, 4, 5;
T_1.4 ;
    %load/vec4 v000001ba787039c0_0;
    %cmpi/e 3, 0, 2;
    %flag_get/vec4 4;
    %jmp/0 T_1.8, 4;
    %load/vec4 v000001ba7877c4f0_0;
    %and;
T_1.8;
    %flag_set/vec4 8;
    %jmp/0xz  T_1.6, 8;
    %pushi/vec4 0, 0, 1;
    %ix/load 5, 0, 0;
    %ix/getv 4, v000001ba78704640_0;
    %assign/vec4/off/d v000001ba78704500_0, 4, 5;
    %pushi/vec4 0, 0, 1;
    %ix/load 5, 0, 0;
    %ix/getv 4, v000001ba78704640_0;
    %assign/vec4/off/d v000001ba78704000_0, 4, 5;
T_1.6 ;
T_1.1 ;
    %jmp T_1;
    .thread T_1;
    .scope S_000001ba786d29c0;
T_2 ;
    %wait E_000001ba78701c20;
    %pushi/vec4 0, 0, 3;
    %store/vec4 v000001ba7877c810_0, 0, 3;
    %pushi/vec4 0, 0, 1;
    %store/vec4 v000001ba78703880_0, 0, 1;
    %load/vec4 v000001ba7877c8b0_0;
    %load/vec4 v000001ba78704640_0;
    %part/u 1;
    %flag_set/vec4 8;
    %jmp/0xz  T_2.0, 8;
    %load/vec4 v000001ba78704640_0;
    %store/vec4 v000001ba7877c810_0, 0, 3;
    %pushi/vec4 1, 0, 1;
    %store/vec4 v000001ba78703880_0, 0, 1;
    %jmp T_2.1;
T_2.0 ;
    %load/vec4 v000001ba7877d170_0;
    %flag_set/vec4 8;
    %jmp/0xz  T_2.2, 8;
    %load/vec4 v000001ba78704640_0;
    %pad/u 32;
    %addi 1, 0, 32;
    %store/vec4 v000001ba78704280_0, 0, 32;
T_2.4 ;
    %load/vec4 v000001ba78704280_0;
    %cmpi/s 7, 0, 32;
    %flag_or 5, 4;
    %jmp/0xz T_2.5, 5;
    %load/vec4 v000001ba7877c8b0_0;
    %load/vec4 v000001ba78704280_0;
    %part/s 1;
    %flag_set/vec4 9;
    %flag_get/vec4 9;
    %jmp/0 T_2.8, 9;
    %load/vec4 v000001ba78703880_0;
    %nor/r;
    %and;
T_2.8;
    %flag_set/vec4 8;
    %jmp/0xz  T_2.6, 8;
    %load/vec4 v000001ba78704280_0;
    %pad/s 3;
    %store/vec4 v000001ba7877c810_0, 0, 3;
    %pushi/vec4 1, 0, 1;
    %store/vec4 v000001ba78703880_0, 0, 1;
T_2.6 ;
    %load/vec4 v000001ba78704280_0;
    %addi 1, 0, 32;
    %store/vec4 v000001ba78704280_0, 0, 32;
    %jmp T_2.4;
T_2.5 ;
    %jmp T_2.3;
T_2.2 ;
    %load/vec4 v000001ba787043c0_0;
    %flag_set/vec4 8;
    %jmp/0xz  T_2.9, 8;
    %load/vec4 v000001ba78704640_0;
    %pad/u 32;
    %subi 1, 0, 32;
    %store/vec4 v000001ba78704280_0, 0, 32;
T_2.11 ;
    %load/vec4 v000001ba78704280_0;
    %cmpi/s 0, 0, 32;
    %flag_inv 5; GE is !LT
    %jmp/0xz T_2.12, 5;
    %load/vec4 v000001ba7877c8b0_0;
    %load/vec4 v000001ba78704280_0;
    %part/s 1;
    %flag_set/vec4 9;
    %flag_get/vec4 9;
    %jmp/0 T_2.15, 9;
    %load/vec4 v000001ba78703880_0;
    %nor/r;
    %and;
T_2.15;
    %flag_set/vec4 8;
    %jmp/0xz  T_2.13, 8;
    %load/vec4 v000001ba78704280_0;
    %pad/s 3;
    %store/vec4 v000001ba7877c810_0, 0, 3;
    %pushi/vec4 1, 0, 1;
    %store/vec4 v000001ba78703880_0, 0, 1;
T_2.13 ;
    %load/vec4 v000001ba78704280_0;
    %subi 1, 0, 32;
    %store/vec4 v000001ba78704280_0, 0, 32;
    %jmp T_2.11;
T_2.12 ;
    %jmp T_2.10;
T_2.9 ;
    %pushi/vec4 0, 0, 32;
    %store/vec4 v000001ba78704280_0, 0, 32;
T_2.16 ;
    %load/vec4 v000001ba78704280_0;
    %cmpi/s 8, 0, 32;
    %jmp/0xz T_2.17, 5;
    %load/vec4 v000001ba7877c8b0_0;
    %load/vec4 v000001ba78704280_0;
    %part/s 1;
    %flag_set/vec4 9;
    %flag_get/vec4 9;
    %jmp/0 T_2.20, 9;
    %load/vec4 v000001ba78703880_0;
    %nor/r;
    %and;
T_2.20;
    %flag_set/vec4 8;
    %jmp/0xz  T_2.18, 8;
    %load/vec4 v000001ba78704280_0;
    %pad/s 3;
    %store/vec4 v000001ba7877c810_0, 0, 3;
    %pushi/vec4 1, 0, 1;
    %store/vec4 v000001ba78703880_0, 0, 1;
T_2.18 ;
    %load/vec4 v000001ba78704280_0;
    %addi 1, 0, 32;
    %store/vec4 v000001ba78704280_0, 0, 32;
    %jmp T_2.16;
T_2.17 ;
T_2.10 ;
T_2.3 ;
T_2.1 ;
    %jmp T_2;
    .thread T_2, $push;
    .scope S_000001ba786d29c0;
T_3 ;
    %wait E_000001ba78702560;
    %load/vec4 v000001ba7877d210_0;
    %flag_set/vec4 8;
    %jmp/0xz  T_3.0, 8;
    %pushi/vec4 0, 0, 3;
    %assign/vec4 v000001ba7877c590_0, 0;
    %jmp T_3.1;
T_3.0 ;
    %load/vec4 v000001ba7877c810_0;
    %assign/vec4 v000001ba7877c590_0, 0;
T_3.1 ;
    %jmp T_3;
    .thread T_3;
    .scope S_000001ba786d29c0;
T_4 ;
    %wait E_000001ba787025e0;
    %load/vec4 v000001ba787039c0_0;
    %store/vec4 v000001ba7877d0d0_0, 0, 2;
    %load/vec4 v000001ba787039c0_0;
    %dup/vec4;
    %pushi/vec4 0, 0, 2;
    %cmp/u;
    %jmp/1 T_4.0, 6;
    %dup/vec4;
    %pushi/vec4 1, 0, 2;
    %cmp/u;
    %jmp/1 T_4.1, 6;
    %dup/vec4;
    %pushi/vec4 2, 0, 2;
    %cmp/u;
    %jmp/1 T_4.2, 6;
    %dup/vec4;
    %pushi/vec4 3, 0, 2;
    %cmp/u;
    %jmp/1 T_4.3, 6;
    %pushi/vec4 0, 0, 2;
    %store/vec4 v000001ba7877d0d0_0, 0, 2;
    %jmp T_4.5;
T_4.0 ;
    %load/vec4 v000001ba7877c8b0_0;
    %or/r;
    %flag_set/vec4 8;
    %jmp/0xz  T_4.6, 8;
    %load/vec4 v000001ba78704640_0;
    %load/vec4 v000001ba7877c590_0;
    %cmp/u;
    %jmp/0xz  T_4.8, 5;
    %pushi/vec4 1, 0, 2;
    %store/vec4 v000001ba7877d0d0_0, 0, 2;
    %jmp T_4.9;
T_4.8 ;
    %load/vec4 v000001ba7877c590_0;
    %load/vec4 v000001ba78704640_0;
    %cmp/u;
    %jmp/0xz  T_4.10, 5;
    %pushi/vec4 2, 0, 2;
    %store/vec4 v000001ba7877d0d0_0, 0, 2;
    %jmp T_4.11;
T_4.10 ;
    %pushi/vec4 0, 0, 2;
    %store/vec4 v000001ba7877d0d0_0, 0, 2;
T_4.11 ;
T_4.9 ;
T_4.6 ;
    %jmp T_4.5;
T_4.1 ;
    %load/vec4 v000001ba7877dd50_0;
    %flag_set/vec4 8;
    %jmp/1 T_4.14, 8;
    %load/vec4 v000001ba7877c590_0;
    %load/vec4 v000001ba78704640_0;
    %cmp/e;
    %flag_or 8, 4;
T_4.14;
    %jmp/0xz  T_4.12, 8;
    %pushi/vec4 3, 0, 2;
    %store/vec4 v000001ba7877d0d0_0, 0, 2;
    %jmp T_4.13;
T_4.12 ;
    %load/vec4 v000001ba787039c0_0;
    %store/vec4 v000001ba7877d0d0_0, 0, 2;
T_4.13 ;
    %jmp T_4.5;
T_4.2 ;
    %load/vec4 v000001ba7877dd50_0;
    %flag_set/vec4 8;
    %jmp/1 T_4.17, 8;
    %load/vec4 v000001ba7877c590_0;
    %load/vec4 v000001ba78704640_0;
    %cmp/e;
    %flag_or 8, 4;
T_4.17;
    %jmp/0xz  T_4.15, 8;
    %pushi/vec4 3, 0, 2;
    %store/vec4 v000001ba7877d0d0_0, 0, 2;
    %jmp T_4.16;
T_4.15 ;
    %load/vec4 v000001ba787039c0_0;
    %store/vec4 v000001ba7877d0d0_0, 0, 2;
T_4.16 ;
    %jmp T_4.5;
T_4.3 ;
    %load/vec4 v000001ba7877c4f0_0;
    %flag_set/vec4 8;
    %jmp/0xz  T_4.18, 8;
    %pushi/vec4 0, 0, 2;
    %store/vec4 v000001ba7877d0d0_0, 0, 2;
T_4.18 ;
    %jmp T_4.5;
T_4.5 ;
    %pop/vec4 1;
    %jmp T_4;
    .thread T_4, $push;
    .scope S_000001ba786d29c0;
T_5 ;
    %wait E_000001ba78702560;
    %load/vec4 v000001ba7877d210_0;
    %flag_set/vec4 8;
    %jmp/0xz  T_5.0, 8;
    %pushi/vec4 1, 0, 1;
    %assign/vec4 v000001ba7877d170_0, 0;
    %pushi/vec4 0, 0, 1;
    %assign/vec4 v000001ba787043c0_0, 0;
    %jmp T_5.1;
T_5.0 ;
    %pushi/vec4 0, 0, 1;
    %store/vec4 v000001ba787041e0_0, 0, 1;
    %pushi/vec4 0, 0, 1;
    %store/vec4 v000001ba78703ba0_0, 0, 1;
    %load/vec4 v000001ba78704640_0;
    %pad/u 32;
    %addi 1, 0, 32;
    %store/vec4 v000001ba78704320_0, 0, 32;
T_5.2 ;
    %load/vec4 v000001ba78704320_0;
    %cmpi/s 7, 0, 32;
    %flag_or 5, 4;
    %jmp/0xz T_5.3, 5;
    %load/vec4 v000001ba7877c8b0_0;
    %load/vec4 v000001ba78704320_0;
    %part/s 1;
    %flag_set/vec4 8;
    %jmp/0xz  T_5.4, 8;
    %pushi/vec4 1, 0, 1;
    %store/vec4 v000001ba787041e0_0, 0, 1;
T_5.4 ;
    %load/vec4 v000001ba78704320_0;
    %addi 1, 0, 32;
    %store/vec4 v000001ba78704320_0, 0, 32;
    %jmp T_5.2;
T_5.3 ;
    %pushi/vec4 0, 0, 32;
    %store/vec4 v000001ba78704320_0, 0, 32;
T_5.6 ;
    %load/vec4 v000001ba78704320_0;
    %load/vec4 v000001ba78704640_0;
    %pad/u 32;
    %cmp/u;
    %jmp/0xz T_5.7, 5;
    %load/vec4 v000001ba7877c8b0_0;
    %load/vec4 v000001ba78704320_0;
    %part/s 1;
    %flag_set/vec4 8;
    %jmp/0xz  T_5.8, 8;
    %pushi/vec4 1, 0, 1;
    %store/vec4 v000001ba78703ba0_0, 0, 1;
T_5.8 ;
    %load/vec4 v000001ba78704320_0;
    %addi 1, 0, 32;
    %store/vec4 v000001ba78704320_0, 0, 32;
    %jmp T_5.6;
T_5.7 ;
    %load/vec4 v000001ba787039c0_0;
    %cmpi/e 0, 0, 2;
    %jmp/1 T_5.13, 4;
    %flag_mov 8, 4;
    %load/vec4 v000001ba787039c0_0;
    %cmpi/e 2, 0, 2;
    %flag_or 4, 8;
T_5.13;
    %jmp/1 T_5.12, 4;
    %flag_mov 8, 4;
    %load/vec4 v000001ba787039c0_0;
    %cmpi/e 1, 0, 2;
    %flag_or 4, 8;
T_5.12;
    %jmp/0xz  T_5.10, 4;
    %load/vec4 v000001ba787041e0_0;
    %flag_set/vec4 8;
    %jmp/0xz  T_5.14, 8;
    %pushi/vec4 1, 0, 1;
    %assign/vec4 v000001ba7877d170_0, 0;
    %pushi/vec4 0, 0, 1;
    %assign/vec4 v000001ba787043c0_0, 0;
    %jmp T_5.15;
T_5.14 ;
    %load/vec4 v000001ba78703ba0_0;
    %flag_set/vec4 8;
    %jmp/0xz  T_5.16, 8;
    %pushi/vec4 1, 0, 1;
    %assign/vec4 v000001ba787043c0_0, 0;
    %pushi/vec4 0, 0, 1;
    %assign/vec4 v000001ba7877d170_0, 0;
T_5.16 ;
T_5.15 ;
T_5.10 ;
T_5.1 ;
    %jmp T_5;
    .thread T_5;
    .scope S_000001ba786d29c0;
T_6 ;
    %wait E_000001ba78702560;
    %load/vec4 v000001ba7877d210_0;
    %flag_set/vec4 8;
    %jmp/0xz  T_6.0, 8;
    %pushi/vec4 0, 0, 2;
    %assign/vec4 v000001ba787039c0_0, 0;
    %jmp T_6.1;
T_6.0 ;
    %load/vec4 v000001ba7877d0d0_0;
    %assign/vec4 v000001ba787039c0_0, 0;
T_6.1 ;
    %jmp T_6;
    .thread T_6;
    .scope S_000001ba786d29c0;
T_7 ;
    %wait E_000001ba78702560;
    %load/vec4 v000001ba7877d210_0;
    %flag_set/vec4 8;
    %jmp/0xz  T_7.0, 8;
    %pushi/vec4 0, 0, 3;
    %assign/vec4 v000001ba78704640_0, 0;
    %jmp T_7.1;
T_7.0 ;
    %load/vec4 v000001ba787039c0_0;
    %cmpi/e 1, 0, 2;
    %jmp/0xz  T_7.2, 4;
    %load/vec4 v000001ba78704640_0;
    %load/vec4 v000001ba7877c590_0;
    %cmp/u;
    %flag_get/vec4 5;
    %jmp/0 T_7.6, 5;
    %load/vec4 v000001ba78704640_0;
    %pad/u 32;
    %cmpi/u 7, 0, 32;
    %flag_get/vec4 5;
    %and;
T_7.6;
    %flag_set/vec4 8;
    %jmp/0xz  T_7.4, 8;
    %load/vec4 v000001ba78704640_0;
    %addi 1, 0, 3;
    %assign/vec4 v000001ba78704640_0, 0;
T_7.4 ;
    %jmp T_7.3;
T_7.2 ;
    %load/vec4 v000001ba787039c0_0;
    %cmpi/e 2, 0, 2;
    %jmp/0xz  T_7.7, 4;
    %load/vec4 v000001ba7877c590_0;
    %load/vec4 v000001ba78704640_0;
    %cmp/u;
    %flag_get/vec4 5;
    %jmp/0 T_7.11, 5;
    %pushi/vec4 0, 0, 32;
    %load/vec4 v000001ba78704640_0;
    %pad/u 32;
    %cmp/u;
    %flag_get/vec4 5;
    %and;
T_7.11;
    %flag_set/vec4 8;
    %jmp/0xz  T_7.9, 8;
    %load/vec4 v000001ba78704640_0;
    %subi 1, 0, 3;
    %assign/vec4 v000001ba78704640_0, 0;
T_7.9 ;
T_7.7 ;
T_7.3 ;
T_7.1 ;
    %jmp T_7;
    .thread T_7;
    .scope S_000001ba786d29c0;
T_8 ;
    %wait E_000001ba78702560;
    %load/vec4 v000001ba7877d210_0;
    %flag_set/vec4 8;
    %jmp/0xz  T_8.0, 8;
    %pushi/vec4 0, 0, 5;
    %assign/vec4 v000001ba787046e0_0, 0;
    %jmp T_8.1;
T_8.0 ;
    %load/vec4 v000001ba787039c0_0;
    %cmpi/e 3, 0, 2;
    %jmp/0xz  T_8.2, 4;
    %load/vec4 v000001ba787046e0_0;
    %pad/u 32;
    %cmpi/u 20, 0, 32;
    %flag_or 5, 4;
    %jmp/0xz  T_8.4, 5;
    %load/vec4 v000001ba787046e0_0;
    %addi 1, 0, 5;
    %assign/vec4 v000001ba787046e0_0, 0;
T_8.4 ;
    %jmp T_8.3;
T_8.2 ;
    %pushi/vec4 0, 0, 5;
    %assign/vec4 v000001ba787046e0_0, 0;
T_8.3 ;
T_8.1 ;
    %jmp T_8;
    .thread T_8;
    .scope S_000001ba786d29c0;
T_9 ;
    %wait E_000001ba78702560;
    %load/vec4 v000001ba7877d210_0;
    %flag_set/vec4 8;
    %jmp/0xz  T_9.0, 8;
    %pushi/vec4 0, 0, 1;
    %assign/vec4 v000001ba78703a60_0, 0;
    %jmp T_9.1;
T_9.0 ;
    %load/vec4 v000001ba787039c0_0;
    %cmpi/e 3, 0, 2;
    %flag_get/vec4 4;
    %jmp/0 T_9.4, 4;
    %load/vec4 v000001ba7877c4f0_0;
    %nor/r;
    %and;
T_9.4;
    %flag_set/vec4 8;
    %jmp/0xz  T_9.2, 8;
    %pushi/vec4 1, 0, 1;
    %assign/vec4 v000001ba78703a60_0, 0;
    %jmp T_9.3;
T_9.2 ;
    %pushi/vec4 0, 0, 1;
    %assign/vec4 v000001ba78703a60_0, 0;
T_9.3 ;
T_9.1 ;
    %jmp T_9;
    .thread T_9;
# The file index is used to find the file name in the following table.
:file_names 3;
    "N/A";
    "<interactive>";
    "Elevator2.v";
